Archive member included to satisfy reference by file (symbol)

include_lib/liba/br23/cpu.a(crc16.c.o)
                              obj/Release/cpu/br23/setup.o (symbol from plugin) (__crc16_mutex_init)
include_lib/liba/br23/cpu.a(uart.c.o)
                              obj/Release/apps/common/device/fm/fm_manage.o (symbol from plugin) (delay)
include_lib/liba/br23/cpu.a(usb.c.o)
                              obj/Release/apps/common/usb/host/usb_host.o (symbol from plugin) (usb_sie_enable)
include_lib/liba/br23/cpu.a(clock.c.o)
                              obj/Release/apps/soundbox/task_manager/bt/bt_switch_fun.o (symbol from plugin) (clk_get)
include_lib/liba/br23/cpu.a(gpio.c.o)
                              obj/Release/apps/soundbox/board/br23/board_ac695x_demo/board_ac695x_demo.o (symbol from plugin) (usb_iomode)
include_lib/liba/br23/cpu.a(timer.c.o)
                              obj/Release/apps/common/key/key_driver.o (symbol from plugin) (timer_get_ms)
include_lib/liba/br23/cpu.a(sd.c.o)
                              obj/Release/apps/soundbox/board/br23/board_ac695x_demo/board_ac695x_demo.o (symbol from plugin) (sdmmc_1_port_init)
include_lib/liba/br23/cpu.a(debug.c.o)
                              obj/Release/apps/common/update/testbox_update.o (symbol from plugin) (ram_protect_close)
include_lib/liba/br23/cpu.a(wdt.c.o)
                              obj/Release/apps/soundbox/common/init.o (symbol from plugin) (wdt_close)
include_lib/liba/br23/cpu.a(efuse.c.o)
                              obj/Release/cpu/br23/charge.o (symbol from plugin) (get_vbat_trim)
include_lib/liba/br23/cpu.a(vm.c.o)
                              obj/Release/apps/common/fat_nor/phone_rec_fs.o (symbol from plugin) (norflash_origin_read)
include_lib/liba/br23/cpu.a(vm_api.c.o)
                              obj/Release/apps/common/music/breakpoint.o (symbol from plugin) (vm_api_write_mult)
include_lib/liba/br23/cpu.a(p33.c.o)
                              obj/Release/cpu/br23/adc_api.o (symbol from plugin) (p33_and_1byte)
include_lib/liba/br23/cpu.a(power_hw.c.o)
                              obj/Release/cpu/br23/adc_api.o (symbol from plugin) (is_lcd_on)
include_lib/liba/br23/cpu.a(power_wakeup.c.o)
                              power_hw.c.o (symbol from plugin) (__hw_wakeup_port_init)
include_lib/liba/br23/cpu.a(rtc.c.o)
                              power_wakeup.c.o (symbol from plugin) (rtc_wakup_source)
include_lib/liba/br23/cpu.a(pmu_calibrate.c.o)
                              power_hw.c.o (symbol from plugin) (get_vddiow_trim)
include_lib/liba/br23/cpu.a(fm_inside_api.c.o)
                              obj/Release/apps/common/device/fm/fm_inside/fm_inside.o (symbol from plugin) (fm_inside_mem_init)
include_lib/liba/br23/cpu.a(fm_digital_set.c.o)
                              fm_inside_api.c.o (symbol from plugin) (fm_set_mono)
include_lib/liba/br23/cpu.a(fm_init.c.o)
                              fm_inside_api.c.o (symbol from plugin) (fm_mem_init)
include_lib/liba/br23/cpu.a(fm_rf.c.o)
                              fm_init.c.o (symbol from plugin) (fm_rf_init)
include_lib/liba/br23/cpu.a(fm_scan.c.o)
                              fm_init.c.o (symbol from plugin) (fm_agc)
include_lib/liba/br23/cpu.a(fm_global_dat.c.o)
                              fm_digital_set.c.o (symbol from plugin) (cs_table_H75_NOISE_L75)
include_lib/liba/br23/cpu.a(sdx_dev.c.o)
                              obj/Release/apps/soundbox/board/br23/board_ac695x_demo/board_ac695x_demo.o (symbol from plugin) (sd_set_power)
include_lib/liba/br23/cpu.a(sdx_driver.c.o)
                              sdx_dev.c.o (symbol from plugin) (sdx_init_card)
include_lib/liba/br23/cpu.a(sdx_source.c.o)
                              sdx_driver.c.o (symbol from plugin) (sdx_get_hi_jiffies)
include_lib/liba/br23/cpu.a(otg.c.o)
                              obj/Release/apps/common/usb/device/msd.o (symbol from plugin) (usb_otg_online)
include_lib/liba/br23/cpu.a(usb_phy.c.o)
                              obj/Release/apps/common/usb/host/usb_ctrl_transfer.o (symbol from plugin) (get_jiffies)
include_lib/liba/br23/cpu.a(usb_setup.c.o)
                              obj/Release/apps/common/usb/device/hid.o (symbol from plugin) (usb_device2id)
include_lib/liba/br23/cpu.a(descriptor.c.o)
                              usb_setup.c.o (symbol from plugin) (get_string_ee)
include_lib/liba/br23/cpu.a(startup.S.o)
                              (_start)
include_lib/liba/br23/cpu.a(fm_dem.S.o)
                              fm_init.c.o (symbol from plugin) (fm_dem)
include_lib/liba/br23/cpu.a(encryption.c.o)
                              vm.c.o (symbol from plugin) (doe)
include_lib/liba/br23/cpu.a(lp_timer_hw.c.o)
                              power_hw.c.o (symbol from plugin) (__hw_nv_timer0_dump)
include_lib/liba/br23/cpu.a(lrc_hw.c.o)
                              power_hw.c.o (symbol from plugin) (__get_lrc_hz)
include_lib/liba/br23/cpu.a(misc_hw.c.o)
[...]
Memory Configuration

Name             Origin             Length             Attributes
psram            0x00800000         0x00200000         xrw
code0            0x01e00120         0x00100000         xr
ram0             0x00000000         0x0002bf00         xrw
ram1             0x0002c000         0x00003f80         xrw
*default*        0x00000000         0xffffffff

Linker script and memory map

LOAD obj/Release/apps/common/audio/audio_digital_vol.o
LOAD cpu\br23\tools\sdk.elf.o
LOAD obj/Release/apps/common/audio/decode/audio_key_tone.o
LOAD obj/Release/apps/common/audio/decode/decode.o
LOAD obj/Release/apps/common/audio/encode/encode_write_file.o
LOAD obj/Release/apps/common/audio/sine_make.o
LOAD obj/Release/apps/common/audio/stream/stream_entry.o
LOAD obj/Release/apps/common/audio/stream/stream_src.o
LOAD obj/Release/apps/common/audio/stream/stream_sync.o
LOAD obj/Release/apps/common/audio/uartPcmSender.o
LOAD obj/Release/apps/common/bt_common/bt_test_api.o
LOAD obj/Release/apps/common/charge_box/chargeIc_manage.o
LOAD obj/Release/apps/common/charge_box/chgbox_box.o
LOAD obj/Release/apps/common/charge_box/chgbox_ctrl.o
LOAD obj/Release/apps/common/charge_box/chgbox_det.o
LOAD obj/Release/apps/common/charge_box/chgbox_handshake.o
LOAD obj/Release/apps/common/charge_box/chgbox_ui.o
LOAD obj/Release/apps/common/charge_box/chgbox_ui_drv_pwmled.o
LOAD obj/Release/apps/common/charge_box/chgbox_ui_drv_timer.o
LOAD obj/Release/apps/common/charge_box/chgbox_wireless.o
LOAD obj/Release/apps/common/config/app_config.o
LOAD obj/Release/apps/common/config/bt_profile_config.o
LOAD obj/Release/apps/common/config/ci_transport_uart.o
LOAD obj/Release/apps/common/debug/debug.o
LOAD obj/Release/apps/common/debug/debug_lite.o
LOAD obj/Release/apps/common/dev_manager/dev_manager.o
LOAD obj/Release/apps/common/dev_manager/dev_reg.o
LOAD obj/Release/apps/common/dev_manager/dev_update.o
LOAD obj/Release/apps/common/device/detection.o
LOAD obj/Release/apps/common/device/fm/bk1080/Bk1080.o
LOAD obj/Release/apps/common/device/fm/fm_inside/fm_inside.o
LOAD obj/Release/apps/common/device/fm/fm_manage.o
LOAD obj/Release/apps/common/device/fm/qn8035/QN8035.o
LOAD obj/Release/apps/common/device/fm/rda5807/RDA5807.o
LOAD obj/Release/apps/common/device/fm_emitter/ac3433/ac3433.o
LOAD obj/Release/apps/common/device/fm_emitter/fm_emitter_manage.o
LOAD obj/Release/apps/common/device/fm_emitter/fm_inside/fm_emitter_inside.o
LOAD obj/Release/apps/common/device/fm_emitter/qn8007/qn8007.o
LOAD obj/Release/apps/common/device/fm_emitter/qn8027/qn8027.o
LOAD obj/Release/apps/common/device/gSensor/da230.o
LOAD obj/Release/apps/common/device/gSensor/gSensor_manage.o
LOAD obj/Release/apps/common/device/gSensor/SC7A20.o
LOAD obj/Release/apps/common/device/nandflash/nandflash.o
LOAD obj/Release/apps/common/device/norflash/norflash.o
LOAD obj/Release/apps/common/fat_nor/nor_fs.o
LOAD obj/Release/apps/common/fat_nor/phone_rec_fs.o
LOAD obj/Release/apps/common/fat_nor/virfat_flash.o
LOAD obj/Release/apps/common/file_operate/file_api.o
LOAD obj/Release/apps/common/file_operate/file_bs_deal.o
LOAD obj/Release/apps/common/file_operate/file_manager.o
LOAD obj/Release/apps/common/iap/iAP_des.o
LOAD obj/Release/apps/common/iap/iAP_device.o
LOAD obj/Release/apps/common/iap/iAP_iic.o
LOAD obj/Release/apps/common/key/adkey.o
LOAD obj/Release/apps/common/key/adkey_rtcvdd.o
LOAD obj/Release/apps/common/key/ctmu_touch_key.o
LOAD obj/Release/apps/common/key/iokey.o
LOAD obj/Release/apps/common/key/irkey.o
LOAD obj/Release/apps/common/key/key_driver.o
LOAD obj/Release/apps/common/key/rdec_key.o
LOAD obj/Release/apps/common/key/slidekey.o
LOAD obj/Release/apps/common/key/touch_key.o
LOAD obj/Release/apps/common/music/breakpoint.o
LOAD obj/Release/apps/common/music/general_player.o
LOAD obj/Release/apps/common/music/music_decrypt.o
LOAD obj/Release/apps/common/music/music_id3.o
LOAD obj/Release/apps/common/music/music_player.o
LOAD obj/Release/apps/common/rec_nor/nor_interface.o
LOAD obj/Release/apps/common/rec_nor/nor_rec_fs.o
LOAD obj/Release/apps/common/third_party_profile/common/3th_profile_api.o
LOAD obj/Release/apps/common/third_party_profile/common/custom_cfg.o
LOAD obj/Release/apps/common/third_party_profile/common/mic_rec.o
LOAD obj/Release/apps/common/third_party_profile/dma_deal/dma_deal.o
LOAD obj/Release/apps/common/third_party_profile/dma_deal/dueros_spp_user.o
LOAD obj/Release/apps/common/third_party_profile/dma_deal/le_dueros_dma.o
LOAD obj/Release/apps/common/third_party_profile/jieli/hid_user.o
LOAD obj/Release/apps/common/third_party_profile/jieli/JL_rcsp/adv_app_setting/adv_bt_name_setting.o
LOAD obj/Release/apps/common/third_party_profile/jieli/JL_rcsp/adv_app_setting/adv_key_setting.o
LOAD obj/Release/apps/common/third_party_profile/jieli/JL_rcsp/adv_app_setting/adv_led_setting.o
LOAD obj/Release/apps/common/third_party_profile/jieli/JL_rcsp/adv_app_setting/adv_mic_setting.o
LOAD obj/Release/apps/common/third_party_profile/jieli/JL_rcsp/adv_app_setting/adv_time_stamp_setting.o
LOAD obj/Release/apps/common/third_party_profile/jieli/JL_rcsp/adv_app_setting/adv_work_setting.o
LOAD obj/Release/apps/common/third_party_profile/jieli/JL_rcsp/adv_rcsp_protocol/rcsp_adv_opt.o
LOAD obj/Release/apps/common/third_party_profile/jieli/JL_rcsp/adv_rcsp_protocol/rcsp_adv_tws_sync.o
LOAD obj/Release/apps/common/third_party_profile/jieli/JL_rcsp/rcsp_updata/rcsp_adv_user_update.o
LOAD obj/Release/apps/common/third_party_profile/jieli/le_client_demo.o
LOAD obj/Release/apps/common/third_party_profile/jieli/online_db/online_db_deal.o
LOAD obj/Release/apps/common/third_party_profile/jieli/online_db/spp_online_db.o
LOAD obj/Release/apps/common/third_party_profile/jieli/trans_data_demo/le_trans_data.o
LOAD obj/Release/apps/common/third_party_profile/jieli/trans_data_demo/spp_trans_data.o
LOAD obj/Release/apps/common/third_party_profile/tm_gma_protocol/gma_license.o
LOAD obj/Release/apps/common/third_party_profile/tm_gma_protocol/gma_spp_user.o
LOAD obj/Release/apps/common/third_party_profile/tm_gma_protocol/le_gma.o
LOAD obj/Release/apps/common/third_party_profile/tm_gma_protocol/tm_gma_deal.o
LOAD obj/Release/apps/common/ui/lcd/lcd_ui_api.o
LOAD obj/Release/apps/common/ui/lcd_simple/lcd_simple_api.o
LOAD obj/Release/apps/common/ui/lcd_simple/ui.o
LOAD obj/Release/apps/common/ui/lcd_simple/ui_mainmenu.o
LOAD obj/Release/apps/common/ui/led7/led7_ui_api.o
LOAD obj/Release/apps/common/update/norflash_ufw_update.o
LOAD obj/Release/apps/common/update/norflash_update.o
LOAD obj/Release/apps/common/update/testbox_update.o
LOAD obj/Release/apps/common/update/uart_update.o
LOAD obj/Release/apps/common/update/uart_update_master.o
LOAD obj/Release/apps/common/update/update.o
LOAD obj/Release/apps/common/usb/device/cdc.o
LOAD obj/Release/apps/common/usb/device/descriptor.o
LOAD obj/Release/apps/common/usb/device/hid.o
LOAD obj/Release/apps/common/usb/device/msd.o
LOAD obj/Release/apps/common/usb/device/msd_upgrade.o
LOAD obj/Release/apps/common/usb/device/task_pc.o
LOAD obj/Release/apps/common/usb/device/uac1.o
LOAD obj/Release/apps/common/usb/device/uac_stream.o
LOAD obj/Release/apps/common/usb/device/usb_device.o
LOAD obj/Release/apps/common/usb/device/user_setup.o
LOAD obj/Release/apps/common/usb/host/adb.o
LOAD obj/Release/apps/common/usb/host/aoa.o
LOAD obj/Release/apps/common/usb/host/apple_mfi.o
LOAD obj/Release/apps/common/usb/host/audio.o
LOAD obj/Release/apps/common/usb/host/audio_demo.o
LOAD obj/Release/apps/common/usb/host/hid.o
LOAD obj/Release/apps/common/usb/host/usb_bulk_transfer.o
LOAD obj/Release/apps/common/usb/host/usb_ctrl_transfer.o
LOAD obj/Release/apps/common/usb/host/usb_host.o
LOAD obj/Release/apps/common/usb/host/usb_storage.o
LOAD obj/Release/apps/common/usb/usb_config.o
LOAD obj/Release/apps/common/usb/usb_host_config.o
LOAD obj/Release/apps/soundbox/aec/br23/audio_aec.o
LOAD obj/Release/apps/soundbox/app_main.o
LOAD obj/Release/apps/soundbox/board/br23/board_ac6083a/board_ac6083a.o
LOAD obj/Release/apps/soundbox/board/br23/board_ac6083a/key_table/adkey_table.o
LOAD obj/Release/apps/soundbox/board/br23/board_ac6083a/key_table/iokey_table.o
LOAD obj/Release/apps/soundbox/board/br23/board_ac6083a/key_table/irkey_table.o
LOAD obj/Release/apps/soundbox/board/br23/board_ac6083a/key_table/rdec_key_table.o
LOAD obj/Release/apps/soundbox/board/br23/board_ac6083a/key_table/touch_key_table.o
LOAD obj/Release/apps/soundbox/board/br23/board_ac6083a_iap/board_ac6083a_iap.o
LOAD obj/Release/apps/soundbox/board/br23/board_ac6083a_iap/key_table/adkey_table.o
LOAD obj/Release/apps/soundbox/board/br23/board_ac6083a_iap/key_table/iokey_table.o
LOAD obj/Release/apps/soundbox/board/br23/board_ac6083a_iap/key_table/irkey_table.o
LOAD obj/Release/apps/soundbox/board/br23/board_ac6083a_iap/key_table/rdec_key_table.o
LOAD obj/Release/apps/soundbox/board/br23/board_ac6083a_iap/key_table/touch_key_table.o
LOAD obj/Release/apps/soundbox/board/br23/board_ac6951g/board_ac6951g.o
LOAD obj/Release/apps/soundbox/board/br23/board_ac6951g/key_table/adkey_table.o
LOAD obj/Release/apps/soundbox/board/br23/board_ac6951g/key_table/iokey_table.o
LOAD obj/Release/apps/soundbox/board/br23/board_ac6951g/key_table/irkey_table.o
LOAD obj/Release/apps/soundbox/board/br23/board_ac6951g/key_table/rdec_key_table.o
LOAD obj/Release/apps/soundbox/board/br23/board_ac6951g/key_table/touch_key_table.o
LOAD obj/Release/apps/soundbox/board/br23/board_ac6952e_lighter/board_ac6952e_lighter.o
LOAD obj/Release/apps/soundbox/board/br23/board_ac6952e_lighter/key_table/adkey_table.o
LOAD obj/Release/apps/soundbox/board/br23/board_ac6952e_lighter/key_table/iokey_table.o
LOAD obj/Release/apps/soundbox/board/br23/board_ac6952e_lighter/key_table/irkey_table.o
LOAD obj/Release/apps/soundbox/board/br23/board_ac6952e_lighter/key_table/rdec_key_table.o
LOAD obj/Release/apps/soundbox/board/br23/board_ac6952e_lighter/key_table/touch_key_table.o
LOAD obj/Release/apps/soundbox/board/br23/board_ac6954a_demo/board_ac6954a_demo.o
LOAD obj/Release/apps/soundbox/board/br23/board_ac6954a_demo/key_table/adkey_table.o
LOAD obj/Release/apps/soundbox/board/br23/board_ac6954a_demo/key_table/iokey_table.o
LOAD obj/Release/apps/soundbox/board/br23/board_ac6954a_demo/key_table/irkey_table.o
LOAD obj/Release/apps/soundbox/board/br23/board_ac6954a_demo/key_table/rdec_key_table.o
LOAD obj/Release/apps/soundbox/board/br23/board_ac6954a_demo/key_table/touch_key_table.o
LOAD obj/Release/apps/soundbox/board/br23/board_ac6955f_headset_mono/board_ac6955f_headset_mono.o
LOAD obj/Release/apps/soundbox/board/br23/board_ac6955f_headset_mono/key_table/adkey_table.o
LOAD obj/Release/apps/soundbox/board/br23/board_ac6955f_headset_mono/key_table/iokey_table.o
LOAD obj/Release/apps/soundbox/board/br23/board_ac6955f_headset_mono/key_table/irkey_table.o
LOAD obj/Release/apps/soundbox/board/br23/board_ac6955f_headset_mono/key_table/rdec_key_table.o
LOAD obj/Release/apps/soundbox/board/br23/board_ac6955f_headset_mono/key_table/touch_key_table.o
LOAD obj/Release/apps/soundbox/board/br23/board_ac695x_btemitter/board_ac695x_btemitter.o
LOAD obj/Release/apps/soundbox/board/br23/board_ac695x_btemitter/key_table/adkey_table.o
LOAD obj/Release/apps/soundbox/board/br23/board_ac695x_btemitter/key_table/iokey_table.o
LOAD obj/Release/apps/soundbox/board/br23/board_ac695x_btemitter/key_table/irkey_table.o
LOAD obj/Release/apps/soundbox/board/br23/board_ac695x_btemitter/key_table/rdec_key_table.o
LOAD obj/Release/apps/soundbox/board/br23/board_ac695x_btemitter/key_table/touch_key_table.o
LOAD obj/Release/apps/soundbox/board/br23/board_ac695x_charging_bin/board_ac695x_charging_bin.o
LOAD obj/Release/apps/soundbox/board/br23/board_ac695x_charging_bin/key_table/adkey_table.o
LOAD obj/Release/apps/soundbox/board/br23/board_ac695x_charging_bin/key_table/iokey_table.o
LOAD obj/Release/apps/soundbox/board/br23/board_ac695x_charging_bin/key_table/irkey_table.o
LOAD obj/Release/apps/soundbox/board/br23/board_ac695x_charging_bin/key_table/rdec_key_table.o
LOAD obj/Release/apps/soundbox/board/br23/board_ac695x_charging_bin/key_table/touch_key_table.o
LOAD obj/Release/apps/soundbox/board/br23/board_ac695x_demo/board_ac695x_demo.o
LOAD obj/Release/apps/soundbox/board/br23/board_ac695x_demo/key_table/adkey_table.o
LOAD obj/Release/apps/soundbox/board/br23/board_ac695x_demo/key_table/iokey_table.o
LOAD obj/Release/apps/soundbox/board/br23/board_ac695x_demo/key_table/irkey_table.o
LOAD obj/Release/apps/soundbox/board/br23/board_ac695x_demo/key_table/rdec_key_table.o
LOAD obj/Release/apps/soundbox/board/br23/board_ac695x_demo/key_table/touch_key_table.o
LOAD obj/Release/apps/soundbox/board/br23/board_ac695x_lcd/board_ac695x_lcd.o
LOAD obj/Release/apps/soundbox/board/br23/board_ac695x_lcd/key_table/adkey_table.o
LOAD obj/Release/apps/soundbox/board/br23/board_ac695x_lcd/key_table/iokey_table.o
LOAD obj/Release/apps/soundbox/board/br23/board_ac695x_lcd/key_table/irkey_table.o
LOAD obj/Release/apps/soundbox/board/br23/board_ac695x_lcd/key_table/rdec_key_table.o
LOAD obj/Release/apps/soundbox/board/br23/board_ac695x_lcd/key_table/touch_key_table.o
LOAD obj/Release/apps/soundbox/board/br23/board_ac695x_multimedia_charging_bin/board_ac695x_multimedia_charging_bin.o
LOAD obj/Release/apps/soundbox/board/br23/board_ac695x_multimedia_charging_bin/key_table/adkey_table.o
LOAD obj/Release/apps/soundbox/board/br23/board_ac695x_multimedia_charging_bin/key_table/iokey_table.o
LOAD obj/Release/apps/soundbox/board/br23/board_ac695x_multimedia_charging_bin/key_table/irkey_table.o
LOAD obj/Release/apps/soundbox/board/br23/board_ac695x_multimedia_charging_bin/key_table/rdec_key_table.o
LOAD obj/Release/apps/soundbox/board/br23/board_ac695x_multimedia_charging_bin/key_table/touch_key_table.o
LOAD obj/Release/apps/soundbox/board/br23/board_ac695x_smartbox/board_ac695x_smartbox.o
LOAD obj/Release/apps/soundbox/board/br23/board_ac695x_smartbox/key_table/adkey_table.o
LOAD obj/Release/apps/soundbox/board/br23/board_ac695x_smartbox/key_table/iokey_table.o
LOAD obj/Release/apps/soundbox/board/br23/board_ac695x_smartbox/key_table/irkey_table.o
LOAD obj/Release/apps/soundbox/board/br23/board_ac695x_smartbox/key_table/rdec_key_table.o
LOAD obj/Release/apps/soundbox/board/br23/board_ac695x_smartbox/key_table/touch_key_table.o
LOAD obj/Release/apps/soundbox/board/br23/board_ac695x_soundcard/board_ac695x_soundcard.o
LOAD obj/Release/apps/soundbox/board/br23/board_ac695x_soundcard/key_table/adkey_table.o
LOAD obj/Release/apps/soundbox/board/br23/board_ac695x_soundcard/key_table/iokey_table.o
LOAD obj/Release/apps/soundbox/board/br23/board_ac695x_soundcard/key_table/irkey_table.o
LOAD obj/Release/apps/soundbox/board/br23/board_ac695x_soundcard/key_table/rdec_key_table.o
LOAD obj/Release/apps/soundbox/board/br23/board_ac695x_soundcard/key_table/touch_key_table.o
LOAD obj/Release/apps/soundbox/board/br23/board_ac695x_tws/board_ac695x_tws.o
LOAD obj/Release/apps/soundbox/board/br23/board_ac695x_tws/key_table/adkey_table.o
LOAD obj/Release/apps/soundbox/board/br23/board_ac695x_tws/key_table/iokey_table.o
LOAD obj/Release/apps/soundbox/board/br23/board_ac695x_tws/key_table/irkey_table.o
LOAD obj/Release/apps/soundbox/board/br23/board_ac695x_tws/key_table/rdec_key_table.o
LOAD obj/Release/apps/soundbox/board/br23/board_ac695x_tws/key_table/touch_key_table.o
LOAD obj/Release/apps/soundbox/board/br23/board_ac695x_tws_box/board_ac695x_tws_box.o
LOAD obj/Release/apps/soundbox/board/br23/board_ac695x_tws_box/key_table/adkey_table.o
LOAD obj/Release/apps/soundbox/board/br23/board_ac695x_tws_box/key_table/iokey_table.o
LOAD obj/Release/apps/soundbox/board/br23/board_ac695x_tws_box/key_table/irkey_table.o
LOAD obj/Release/apps/soundbox/board/br23/board_ac695x_tws_box/key_table/rdec_key_table.o
LOAD obj/Release/apps/soundbox/board/br23/board_ac695x_tws_box/key_table/touch_key_table.o
LOAD obj/Release/apps/soundbox/board/br23/irq_config.o
LOAD obj/Release/apps/soundbox/common/dev_status.o
LOAD obj/Release/apps/soundbox/common/init.o
LOAD obj/Release/apps/soundbox/common/task_table.o
LOAD obj/Release/apps/soundbox/common/tone_table.o
LOAD obj/Release/apps/soundbox/common/user_cfg.o
LOAD obj/Release/apps/soundbox/font/fontinit.o
LOAD obj/Release/apps/soundbox/log_config/app_config.o
LOAD obj/Release/apps/soundbox/log_config/lib_btctrler_config.o
LOAD obj/Release/apps/soundbox/log_config/lib_btstack_config.o
LOAD obj/Release/apps/soundbox/log_config/lib_driver_config.o
LOAD obj/Release/apps/soundbox/log_config/lib_media_config.o
LOAD obj/Release/apps/soundbox/log_config/lib_system_config.o
LOAD obj/Release/apps/soundbox/log_config/lib_update_config.o
LOAD obj/Release/apps/soundbox/power_manage/app_charge.o
LOAD obj/Release/apps/soundbox/power_manage/app_chargestore.o
LOAD obj/Release/apps/soundbox/power_manage/app_power_manage.o
LOAD obj/Release/apps/soundbox/smartbox/browser/browser.o
LOAD obj/Release/apps/soundbox/smartbox/bt_manage/bt_trans_data/le_smartbox_adv.o
LOAD obj/Release/apps/soundbox/smartbox/bt_manage/bt_trans_data/le_smartbox_module.o
LOAD obj/Release/apps/soundbox/smartbox/bt_manage/smartbox_bt_manage.o
LOAD obj/Release/apps/soundbox/smartbox/cmd_data_deal/cmd_recieve.o
LOAD obj/Release/apps/soundbox/smartbox/cmd_data_deal/cmd_recieve_no_respone.o
LOAD obj/Release/apps/soundbox/smartbox/cmd_data_deal/cmd_respone.o
LOAD obj/Release/apps/soundbox/smartbox/cmd_data_deal/cmd_user.o
LOAD obj/Release/apps/soundbox/smartbox/cmd_data_deal/command.o
LOAD obj/Release/apps/soundbox/smartbox/cmd_data_deal/data_recieve.o
LOAD obj/Release/apps/soundbox/smartbox/cmd_data_deal/data_recieve_no_respone.o
LOAD obj/Release/apps/soundbox/smartbox/cmd_data_deal/data_respone.o
LOAD obj/Release/apps/soundbox/smartbox/config.o
LOAD obj/Release/apps/soundbox/smartbox/event.o
LOAD obj/Release/apps/soundbox/smartbox/feature.o
LOAD obj/Release/apps/soundbox/smartbox/file_transfer/dev_format.o
LOAD obj/Release/apps/soundbox/smartbox/file_transfer/file_delete.o
LOAD obj/Release/apps/soundbox/smartbox/file_transfer/file_transfer.o
LOAD obj/Release/apps/soundbox/smartbox/func_cmd/bt_func.o
LOAD obj/Release/apps/soundbox/smartbox/func_cmd/fm_func.o
LOAD obj/Release/apps/soundbox/smartbox/func_cmd/linein_func.o
LOAD obj/Release/apps/soundbox/smartbox/func_cmd/music_func.o
LOAD obj/Release/apps/soundbox/smartbox/func_cmd/rtc_func.o
LOAD obj/Release/apps/soundbox/smartbox/function.o
LOAD obj/Release/apps/soundbox/smartbox/smartbox.o
LOAD obj/Release/apps/soundbox/smartbox/smartbox_rcsp_manage.o
LOAD obj/Release/apps/soundbox/smartbox/smartbox_setting/adv_bt_name_setting.o
LOAD obj/Release/apps/soundbox/smartbox/smartbox_setting/adv_key_setting.o
LOAD obj/Release/apps/soundbox/smartbox/smartbox_setting/adv_led_setting.o
LOAD obj/Release/apps/soundbox/smartbox/smartbox_setting/adv_mic_setting.o
LOAD obj/Release/apps/soundbox/smartbox/smartbox_setting/adv_time_stamp_setting.o
LOAD obj/Release/apps/soundbox/smartbox/smartbox_setting/adv_work_setting.o
LOAD obj/Release/apps/soundbox/smartbox/smartbox_setting/smartbox_color_led_setting.o
LOAD obj/Release/apps/soundbox/smartbox/smartbox_setting/smartbox_eq_setting.o
LOAD obj/Release/apps/soundbox/smartbox/smartbox_setting/smartbox_high_low_vol_setting.o
LOAD obj/Release/apps/soundbox/smartbox/smartbox_setting/smartbox_karaoke_eq_setting.o
LOAD obj/Release/apps/soundbox/smartbox/smartbox_setting/smartbox_karaoke_setting.o
LOAD obj/Release/apps/soundbox/smartbox/smartbox_setting/smartbox_misc_setting/smartbox_misc_drc_setting.o
LOAD obj/Release/apps/soundbox/smartbox/smartbox_setting/smartbox_misc_setting/smartbox_misc_reverbration_setting.o
LOAD obj/Release/apps/soundbox/smartbox/smartbox_setting/smartbox_misc_setting/smartbox_misc_setting.o
LOAD obj/Release/apps/soundbox/smartbox/smartbox_setting/smartbox_music_info_setting.o
LOAD obj/Release/apps/soundbox/smartbox/smartbox_setting/smartbox_vol_setting.o
LOAD obj/Release/apps/soundbox/smartbox/smartbox_setting_opt/smartbox_adv_bluetooth.o
LOAD obj/Release/apps/soundbox/smartbox/smartbox_setting_opt/smartbox_setting_opt.o
LOAD obj/Release/apps/soundbox/smartbox/smartbox_setting_opt/smartbox_setting_sync.o
LOAD obj/Release/apps/soundbox/smartbox/smartbox_task.o
LOAD obj/Release/apps/soundbox/smartbox/smartbox_update/rcsp_ch_loader_download.o
LOAD obj/Release/apps/soundbox/smartbox/smartbox_update/smartbox_update.o
LOAD obj/Release/apps/soundbox/smartbox/smartbox_update/smartbox_update_tws.o
LOAD obj/Release/apps/soundbox/smartbox/switch_device.o
LOAD obj/Release/apps/soundbox/soundcard/lamp.o
LOAD obj/Release/apps/soundbox/soundcard/notice.o
LOAD obj/Release/apps/soundbox/soundcard/peripheral.o
LOAD obj/Release/apps/soundbox/soundcard/soundcard.o
LOAD obj/Release/apps/soundbox/task_manager/app_common.o
LOAD obj/Release/apps/soundbox/task_manager/app_task_switch.o
LOAD obj/Release/apps/soundbox/task_manager/bt/bt.o
LOAD obj/Release/apps/soundbox/task_manager/bt/bt_ble.o
LOAD obj/Release/apps/soundbox/task_manager/bt/bt_emitter.o
LOAD obj/Release/apps/soundbox/task_manager/bt/bt_event_fun.o
LOAD obj/Release/apps/soundbox/task_manager/bt/bt_key_fun.o
LOAD obj/Release/apps/soundbox/task_manager/bt/bt_product_test.o
LOAD obj/Release/apps/soundbox/task_manager/bt/bt_switch_fun.o
LOAD obj/Release/apps/soundbox/task_manager/bt/bt_tws.o
LOAD obj/Release/apps/soundbox/task_manager/bt/vol_sync.o
LOAD obj/Release/apps/soundbox/task_manager/fm/fm.o
LOAD obj/Release/apps/soundbox/task_manager/fm/fm_api.o
LOAD obj/Release/apps/soundbox/task_manager/fm/fm_rw.o
LOAD obj/Release/apps/soundbox/task_manager/idle/idle.o
LOAD obj/Release/apps/soundbox/task_manager/linein/linein.o
LOAD obj/Release/apps/soundbox/task_manager/linein/linein_api.o
LOAD obj/Release/apps/soundbox/task_manager/linein/linein_dev.o
LOAD obj/Release/apps/soundbox/task_manager/music/music.o
LOAD obj/Release/apps/soundbox/task_manager/pc/pc.o
LOAD obj/Release/apps/soundbox/task_manager/power_off/power_off.o
LOAD obj/Release/apps/soundbox/task_manager/power_on/power_on.o
LOAD obj/Release/apps/soundbox/task_manager/record/record.o
LOAD obj/Release/apps/soundbox/task_manager/rtc/alarm_api.o
LOAD obj/Release/apps/soundbox/task_manager/rtc/alarm_user.o
LOAD obj/Release/apps/soundbox/task_manager/rtc/rtc.o
LOAD obj/Release/apps/soundbox/task_manager/rtc/virtual_rtc.o
LOAD obj/Release/apps/soundbox/task_manager/sleep/sleep.o
LOAD obj/Release/apps/soundbox/task_manager/spdif/hdmi_cec_drv.o
LOAD obj/Release/apps/soundbox/task_manager/spdif/spdif.o
LOAD obj/Release/apps/soundbox/task_manager/task_key.o
LOAD obj/Release/apps/soundbox/third_party_profile/ancs_client_demo/ancs_client_demo.o
LOAD obj/Release/apps/soundbox/third_party_profile/dma/dma_app_main.o
LOAD obj/Release/apps/soundbox/third_party_profile/gma/gma_app_main.o
LOAD obj/Release/apps/soundbox/third_party_profile/trans_data_demo/trans_data_demo.o
LOAD obj/Release/apps/soundbox/ui/color_led/color_led_app.o
LOAD obj/Release/apps/soundbox/ui/color_led/color_led_table.o
LOAD obj/Release/apps/soundbox/ui/color_led/driver/color_led.o
LOAD obj/Release/apps/soundbox/ui/color_led/driver/color_led_driver.o
LOAD obj/Release/apps/soundbox/ui/lcd/lyrics_api.o
LOAD obj/Release/apps/soundbox/ui/lcd/STYLE_02/bt_action.o
LOAD obj/Release/apps/soundbox/ui/lcd/STYLE_02/clock_action.o
LOAD obj/Release/apps/soundbox/ui/lcd/STYLE_02/file_brower.o
LOAD obj/Release/apps/soundbox/ui/lcd/STYLE_02/fm_action.o
LOAD obj/Release/apps/soundbox/ui/lcd/STYLE_02/linein_action.o
LOAD obj/Release/apps/soundbox/ui/lcd/STYLE_02/music_action.o
LOAD obj/Release/apps/soundbox/ui/lcd/STYLE_02/record_action.o
LOAD obj/Release/apps/soundbox/ui/lcd/STYLE_02/system_action.o
LOAD obj/Release/apps/soundbox/ui/lcd/ui_sys_param_api.o
LOAD obj/Release/apps/soundbox/ui/lcd_simple/my_demo.o
LOAD obj/Release/apps/soundbox/ui/led7/ui_bt.o
LOAD obj/Release/apps/soundbox/ui/led7/ui_common.o
LOAD obj/Release/apps/soundbox/ui/led7/ui_fm.o
LOAD obj/Release/apps/soundbox/ui/led7/ui_fm_emitter.o
LOAD obj/Release/apps/soundbox/ui/led7/ui_idle.o
LOAD obj/Release/apps/soundbox/ui/led7/ui_linein.o
LOAD obj/Release/apps/soundbox/ui/led7/ui_music.o
LOAD obj/Release/apps/soundbox/ui/led7/ui_pc.o
LOAD obj/Release/apps/soundbox/ui/led7/ui_record.o
LOAD obj/Release/apps/soundbox/ui/led7/ui_rtc.o
LOAD obj/Release/apps/soundbox/ui/led/pwm_led_api.o
LOAD obj/Release/apps/soundbox/ui/led/pwm_led_para_table.o
LOAD obj/Release/apps/soundbox/user_api/app_pwmled_api.o
LOAD obj/Release/apps/soundbox/user_api/app_record_api.o
LOAD obj/Release/apps/soundbox/user_api/app_special_play_api.o
LOAD obj/Release/apps/soundbox/user_api/app_status_api.o
LOAD obj/Release/apps/soundbox/user_api/dev_multiplex_api.o
LOAD obj/Release/apps/soundbox/user_api/product_info_api.o
LOAD obj/Release/apps/soundbox/version.o
LOAD obj/Release/cpu/br23/adc_api.o
LOAD obj/Release/cpu/br23/app_timer.o
LOAD obj/Release/cpu/br23/audio_common/app_audio.o
LOAD obj/Release/cpu/br23/audio_common/audio_fmtx.o
LOAD obj/Release/cpu/br23/audio_common/audio_iis.o
LOAD obj/Release/cpu/br23/audio_common/audio_link.o
LOAD obj/Release/cpu/br23/audio_dec/audio_dec.o
LOAD obj/Release/cpu/br23/audio_dec/audio_dec_bt.o
LOAD obj/Release/cpu/br23/audio_dec/audio_dec_file.o
LOAD obj/Release/cpu/br23/audio_dec/audio_dec_fm.o
LOAD obj/Release/cpu/br23/audio_dec/audio_dec_linein.o
LOAD obj/Release/cpu/br23/audio_dec/audio_dec_midi_ctrl.o
LOAD obj/Release/cpu/br23/audio_dec/audio_dec_midi_file.o
LOAD obj/Release/cpu/br23/audio_dec/audio_dec_pc.o
LOAD obj/Release/cpu/br23/audio_dec/audio_dec_record.o
LOAD obj/Release/cpu/br23/audio_dec/audio_dec_spdif.o
LOAD obj/Release/cpu/br23/audio_dec/audio_dec_tone.o
LOAD obj/Release/cpu/br23/audio_dec/audio_spectrum.o
LOAD obj/Release/cpu/br23/audio_dec/audio_sync.o
LOAD obj/Release/cpu/br23/audio_dec/audio_usb_mic.o
LOAD obj/Release/cpu/br23/audio_dec/tone_player.o
LOAD obj/Release/cpu/br23/audio_effect/eq_config.o
LOAD obj/Release/cpu/br23/audio_enc/audio_adc_demo.o
LOAD obj/Release/cpu/br23/audio_enc/audio_enc.o
LOAD obj/Release/cpu/br23/audio_enc/audio_enc_file.o
LOAD obj/Release/cpu/br23/audio_enc/audio_enc_recoder.o
LOAD obj/Release/cpu/br23/audio_enc/audio_mic_codec.o
LOAD obj/Release/cpu/br23/audio_enc/audio_recorder_mix.o
LOAD obj/Release/cpu/br23/audio_enc/audio_sbc_codec.o
LOAD obj/Release/cpu/br23/audio_mic/effect_cfg.o
LOAD obj/Release/cpu/br23/audio_mic/effect_debug.o
LOAD obj/Release/cpu/br23/audio_mic/effect_linein.o
LOAD obj/Release/cpu/br23/audio_mic/effect_reg.o
LOAD obj/Release/cpu/br23/audio_mic/effect_reg_echo.o
LOAD obj/Release/cpu/br23/audio_mic/effect_reg_reverb.o
LOAD obj/Release/cpu/br23/audio_mic/effect_stream.o
LOAD obj/Release/cpu/br23/audio_mic/effect_tool.o
LOAD obj/Release/cpu/br23/audio_mic/loud_speaker.o
LOAD obj/Release/cpu/br23/audio_mic/mic_effect.o
LOAD obj/Release/cpu/br23/audio_mic/mic_stream.o
LOAD obj/Release/cpu/br23/charge.o
LOAD obj/Release/cpu/br23/chargebox_hw.o
LOAD obj/Release/cpu/br23/chargestore.o
LOAD obj/Release/cpu/br23/clock_manager.o
LOAD obj/Release/cpu/br23/ctmu.o
LOAD obj/Release/cpu/br23/iic_eeprom_test.o
LOAD obj/Release/cpu/br23/iic_hw.o
LOAD obj/Release/cpu/br23/iic_slave_test.o
LOAD obj/Release/cpu/br23/iic_soft.o
LOAD obj/Release/cpu/br23/irflt.o
LOAD obj/Release/cpu/br23/localtws/localtws.o
LOAD obj/Release/cpu/br23/localtws/localtws_dec.o
LOAD obj/Release/cpu/br23/mcpwm.o
LOAD obj/Release/cpu/br23/overlay_code.o
LOAD obj/Release/cpu/br23/plcnt.o
LOAD obj/Release/cpu/br23/port_wkup.o
LOAD obj/Release/cpu/br23/pwm_led.o
LOAD obj/Release/cpu/br23/setup.o
LOAD obj/Release/cpu/br23/spi.o
LOAD obj/Release/cpu/br23/spi_test.o
LOAD obj/Release/cpu/br23/uart_bt_product.o
LOAD obj/Release/cpu/br23/uart_dev.o
LOAD obj/Release/cpu/br23/uart_test.o
LOAD obj/Release/cpu/br23/ui_driver/interface/ui_platform.o
LOAD obj/Release/cpu/br23/ui_driver/lcd_seg/lcd_seg3x9_driver.o
LOAD obj/Release/cpu/br23/ui_driver/lcd_spi/lcd_drive.o
LOAD obj/Release/cpu/br23/ui_driver/lcd_spi/spi_lcd_st7735s.o
LOAD obj/Release/cpu/br23/ui_driver/lcd_spi/spi_lcd_st7789v.o
LOAD obj/Release/cpu/br23/ui_driver/lcd_spi/spi_lcd_st7789vw.o
LOAD obj/Release/cpu/br23/ui_driver/lcd_spi/spi_oled.o
LOAD obj/Release/cpu/br23/ui_driver/led7/led7_driver.o
LOAD obj/Release/cpu/br23/ui_driver/LED_1888/LED1888.o
LOAD obj/Release/cpu/br23/ui_driver/ui_common.o
START GROUP
LOAD include_lib/liba/br23/cpu.a
LOAD include_lib/liba/br23/system.a
LOAD include_lib/liba/br23/aec.a
LOAD include_lib/liba/br23/media.a
LOAD include_lib/liba/br23/media_app.a
LOAD include_lib/liba/br23/libAptFilt_pi32v2_OnChip.a
LOAD include_lib/liba/br23/libEchoSuppress_pi32v2_OnChip.a
LOAD include_lib/liba/br23/libNoiseSuppress_pi32v2_OnChip.a
LOAD include_lib/liba/br23/libSplittingFilter_pi32v2_OnChip.a
LOAD include_lib/liba/br23/libDelayEstimate_pi32v2_OnChip.a
LOAD include_lib/liba/br23/libSingleMicSystem_pi32v2_OnChip.a
LOAD include_lib/liba/br23/libSMS_TDE_pi32v2_OnChip.a
LOAD include_lib/liba/br23/lib_esco_repair.a
LOAD include_lib/liba/br23/mp3_dec_lib.a
LOAD include_lib/liba/br23/mp3tsy_dec_lib.a
LOAD include_lib/liba/br23/wma_dec_lib.a
LOAD include_lib/liba/br23/wtg_dec_lib.a
LOAD include_lib/liba/br23/wtgv2_dec_lib.a
LOAD include_lib/liba/br23/wav_dec_lib.a
LOAD include_lib/liba/br23/flac_dec_lib.a
LOAD include_lib/liba/br23/ape_dec_lib.a
LOAD include_lib/liba/br23/m4a_tws_lib.a
LOAD include_lib/liba/br23/amr_dec_lib.a
LOAD include_lib/liba/br23/dts_dec_lib.a
LOAD include_lib/liba/br23/mp3_decstream_lib.a
LOAD include_lib/liba/br23/wma_decstream_lib.a
LOAD include_lib/liba/br23/sbc_eng_lib.a
LOAD include_lib/liba/br23/compressor.a
LOAD include_lib/liba/br23/crossover_coff.a
LOAD include_lib/liba/br23/limiter.a
LOAD include_lib/liba/br23/lib_mp2_code.a
LOAD include_lib/liba/br23/lib_adpcm_code.a
LOAD include_lib/liba/br23/mp3_enc_lib.a
LOAD include_lib/liba/br23/opus_enc_lib.a
LOAD include_lib/liba/br23/speex_enc_lib.a
LOAD include_lib/liba/br23/lib_pitchshifter.a
LOAD include_lib/liba/br23/lib_pitch_speed.a
LOAD include_lib/liba/br23/lib_reverb_cal.a
LOAD include_lib/liba/br23/lib_rmono2stereo.a
LOAD include_lib/liba/br23/bfilterfun_lib.a
LOAD include_lib/liba/br23/libFFT_pi32v2_OnChip.a
LOAD include_lib/liba/br23/libOpcore_maskrom_pi32v2_OnChip.a
LOAD include_lib/liba/br23/lib_resample_cal.a
LOAD include_lib/liba/br23/lib_resample_fast_cal.a
LOAD include_lib/liba/br23/crypto_toolbox_Ospeed.a
LOAD include_lib/liba/br23/lib_g726_decode.a
LOAD include_lib/liba/br23/lib_g726_code.a
LOAD include_lib/liba/br23/limiter_noiseGate.a
LOAD include_lib/liba/br23/howling.a
LOAD include_lib/liba/br23/noisegate.a
LOAD include_lib/liba/br23/shiftPhase.a
LOAD include_lib/liba/br23/pemafrow.a
LOAD include_lib/liba/br23/lib_howlings_phf.a
LOAD include_lib/liba/br23/math.a
LOAD include_lib/liba/br23/bt_hash_enc.a
LOAD include_lib/liba/br23/filtparam_cal_lib.a
LOAD include_lib/liba/br23/agreement.a
LOAD include_lib/liba/br23/lib_sur_cal.a
LOAD include_lib/liba/br23/lib_vbass_cal.a
LOAD include_lib/liba/br23/loudness.a
LOAD include_lib/liba/br23/rcsp_stack.a
LOAD include_lib/liba/br23/lib_usbaudio_plc.a
LOAD include_lib/liba/br23/coeff_calculate.a
LOAD include_lib/liba/br23/rms.a
LOAD include_lib/liba/br23/SpectrumShow.a
LOAD include_lib/liba/br23/lib_midi_dec.a
LOAD include_lib/liba/br23/btstack.a
LOAD include_lib/liba/br23/btctrler.a
END GROUP
LOAD include_lib/liba/br23/update.a
LOAD include_lib/liba/br23/res.a
LOAD include_lib/liba/br23/ui_dot.a
LOAD include_lib/liba/br23/ui_s.a
LOAD include_lib/liba/br23/font.a
                0x0002c000                RAM1_LIMIT_L = 0x2c000
                0x00030000                RAM1_LIMIT_H = 0x30000
                0x00000080                UPDATA_SIZE = 0x80
                0x0002ff80                UPDATA_BEG = (RAM1_LIMIT_H - UPDATA_SIZE)
                0x0002c000                RAM1_BEGIN = RAM1_LIMIT_L
                0x0002ff80                RAM1_END = (RAM1_LIMIT_H - UPDATA_SIZE)
                0x00003f80                RAM1_SIZE = (RAM1_END - RAM1_BEGIN)
                0x00000000                RAM_LIMIT_L = 0x0
                0x0002c000                RAM_LIMIT_H = 0x2c000
                0x00000100                ISR_SIZE = 0x100
                0x0002bf00                ISR_BASE = (RAM_LIMIT_H - ISR_SIZE)
                0x00000000                RAM_BEGIN = RAM_LIMIT_L
                0x0002bf00                RAM_END = (RAM_LIMIT_H - ISR_SIZE)
                0x0002bf00                RAM_SIZE = (RAM_END - RAM_BEGIN)
                0x00001400                BANK_SIZE = 0x1400
                0x00800000                PSRAM_BEG = 0x800000
                0x00200000                PSRAM_SIZE = 0x200000
                0x01e000c0                CODE_BEG = 0x1e000c0
                0x000f9000                UPDATA_BREDR_BASE_BEG = 0xf9000
                0x00000003                MIC_EFFECT_EQ_SECTION = 0x3
                0x00000017                EQ_SECTION_NUM = (0x14 + MIC_EFFECT_EQ_SECTION)
                0x001127a4                memmem = 0x1127a4
                0x001127a8                memcpy = 0x1127a8
                0x001127ac                memmove = 0x1127ac
                0x001127b0                memcmp = 0x1127b0
                0x001127b4                memset = 0x1127b4
                0x001127b8                strcmp = 0x1127b8
                0x001127bc                strcpy = 0x1127bc
                0x001127c0                strlen = 0x1127c0
                0x001127c4                strncmp = 0x1127c4
                0x001127c8                strstr = 0x1127c8
                0x001127cc                flush_dcache = 0x1127cc
                0x001127d0                flushinv_dcache = 0x1127d0
                0x001127d4                sfc_suspend = 0x1127d4
                0x001127d8                sfc_resume = 0x1127d8
                0x001127e0                chip_crc16 = 0x1127e0
                0x001127f0                nvram_set_boot_state = 0x1127f0
                0x0002bf00                _IRQ_MEM_ADDR = 0x2bf00
                0x0002bdc0                _MASK_MEM_BEGIN = 0x2bdc0
                0x0000012c                _MASK_MEM_SIZE = 0x12c
                0x00800000                . = ORIGIN (psram)

.psram_text     0x00800000        0x0

.psram
                0x01e00120                . = ORIGIN (code0)

.text           0x01e00120    0xa8d30
                0x01e00120                text_code_begin = .
                [!provide]                PROVIDE (text_rodata_begin, .)
 *(.startup.text)
 .startup.text  0x01e00120       0x9a include_lib/liba/br23/cpu.a(startup.S.o)
                0x01e00120                _start
                0x01e001ba                bank_stub_start = .
 *(.bank.stub.*)
                0x00000000                bank_stub_size = (. - bank_stub_start)
 *(.aac_const)
 *fill*         0x01e001ba        0x2 
 .aac_const     0x01e001bc       0x18 cpu\br23\tools\sdk.elf.o
 *(.aac_code)
 .aac_code      0x01e001d4      0x4e8 cpu\br23\tools\sdk.elf.o
 *(.alac_const)
 *(.alac_code)
 .alac_code     0x01e006bc      0x30e cpu\br23\tools\sdk.elf.o
 *(.alac_dec_code)
 .alac_dec_code
                0x01e009ca      0x94a cpu\br23\tools\sdk.elf.o
 *(.bt_aac_dec_eng_const)
 .bt_aac_dec_eng_const
                0x01e01314     0x3b50 cpu\br23\tools\sdk.elf.o
 *(.bt_aac_dec_eng_code)
 .bt_aac_dec_eng_code
                0x01e04e64      0xe68 cpu\br23\tools\sdk.elf.o
 *(.bt_aac_dec_core_code)
 .bt_aac_dec_core_code
                0x01e05ccc     0x12c8 cpu\br23\tools\sdk.elf.o
 *(.bt_aac_dec_core_sparse_code)
 .bt_aac_dec_core_sparse_code
                0x01e06f94      0xb1e cpu\br23\tools\sdk.elf.o
 *(.dts_dec_const)
 *fill*         0x01e07ab2        0x2 
 .dts_dec_const
                0x01e07ab4     0x9100 cpu\br23\tools\sdk.elf.o
 *(.cvsd_const)
 .cvsd_const    0x01e10bb4       0x26 cpu\br23\tools\sdk.elf.o
 *(.cvsd_code)
 .cvsd_code     0x01e10bda      0x682 cpu\br23\tools\sdk.elf.o
                0x01e1125c                . = ALIGN (0x4)
                0x01e1125c                gsensor_dev_begin = .
 *(.gsensor_dev)
                0x01e1125c                gsensor_dev_end = .
                0x01e1125c                . = ALIGN (0x4)
                0x01e1125c                hrsensor_dev_begin = .
 *(.hrsensor_dev)
                0x01e1125c                hrsensor_dev_end = .
                0x01e1125c                . = ALIGN (0x4)
                0x01e1125c                fm_dev_begin = .
 *(.fm_dev)
 .fm_dev        0x01e1125c       0x28 cpu\br23\tools\sdk.elf.o
                0x01e11284                fm_dev_end = .
                0x01e11284                . = ALIGN (0x4)
                0x01e11284                fm_emitter_dev_begin = .
 *(.fm_emitter_dev)
                0x01e11284                fm_emitter_dev_end = .
                0x01e11284                chargeIc_dev_begin = .
 *(.chargeIc_dev)
                0x01e11284                chargeIc_dev_end = .
                0x01e11284                . = ALIGN (0x4)
 *(.opcore_table_maskrom)
 *(.bfilt_table_maskroom)
 *(.opcore_maskrom)
 .opcore_maskrom
                0x01e11284      0x2ca cpu\br23\tools\sdk.elf.o
 *(.bfilt_code)
 .bfilt_code    0x01e1154e      0x10c cpu\br23\tools\sdk.elf.o
 *(.bfilt_const)
                0x01e1165c                . = ALIGN (0x4)
 *fill*         0x01e1165a        0x2 
                0x01e1165c                btctler_code_start = .
                0x01e1165c                BTCTLER_CONTROLLER_CODE_START = .
 *(.bt_rf_const)
 .bt_rf_const   0x01e1165c      0x411 cpu\br23\tools\sdk.elf.o
 *(.bt_rf_code)
 *fill*         0x01e11a6d        0x1 
 .bt_rf_code    0x01e11a6e     0x141c cpu\br23\tools\sdk.elf.o
 *(.vendor_manager_const)
 *(.vendor_manager_code)
 *(.device_manager_const)
 *(.device_manager_code)
 *(.hci_controller_const)
 *fill*         0x01e12e8a        0x2 
 .hci_controller_const
                0x01e12e8c       0x28 cpu\br23\tools\sdk.elf.o
 *(.hci_controller_code)
 .hci_controller_code
                0x01e12eb4      0x7b2 cpu\br23\tools\sdk.elf.o
 *(.hci_interface_const)
 *(.hci_interface_code)
                0x0000200a                BTCTLER_CONTROLLER_CODE_SIZE = ABSOLUTE ((. - BTCTLER_CONTROLLER_CODE_START))
                0x01e13666                BTCTLER_LE_CONTROLLER_CODE_START = .
 *(.ble_rf_const)
 *(.ble_rf_code)
 .ble_rf_code   0x01e13666        0x2 cpu\br23\tools\sdk.elf.o
 *(.ble_ll_const)
 *(.ble_ll_code)
 *(.ble_hci_const)
 *(.ble_hci_code)
                0x00000002                BTCTLER_LE_CONTROLLER_CODE_SIZE = ABSOLUTE ((. - BTCTLER_LE_CONTROLLER_CODE_START))
                0x01e13668                BTCTLER_CL_CODE_START = .
 *(.bredr_irq)
 *(.bredr_irq_code)
 *(.bredr_irq_const)
 *(.classic_lmp_const)
 .classic_lmp_const
                0x01e13668       0x14 cpu\br23\tools\sdk.elf.o
 *(.classic_lmp_linkbulk_const)
 *(.classic_lmp_code)
 .classic_lmp_code
                0x01e1367c     0x63fa cpu\br23\tools\sdk.elf.o
 *(.classic_lmp_linkbulk_code)
 *(.classic_hci_const)
 *(.classic_hci_code)
                0x01e19a76                LMP_ENC_CODE_START = .
 *(.classic_lmp_auth_const)
 .classic_lmp_auth_const
                0x01e19a76      0x4f0 cpu\br23\tools\sdk.elf.o
 *(.classic_lmp_bigint_const)
 *(.classic_lmp_crypt_const)
 *(.classic_lmp_ecdh_const)
 *(.classic_lmp_hmac_const)
 *(.classic_lmp_auth_code)
 .classic_lmp_auth_code
                0x01e19f66      0x650 cpu\br23\tools\sdk.elf.o
 *(.classic_lmp_bigint_code)
 *(.classic_lmp_crypt_code)
 *(.classic_lmp_ecdh_code)
 *(.classic_lmp_hmac_code)
                0x00000b40                LMP_ENC_CODE_SIZE = ABSOLUTE ((. - LMP_ENC_CODE_START))
 *(.classic_rf_const)
 *fill*         0x01e1a5b6        0x2 
 .classic_rf_const
                0x01e1a5b8      0x73d cpu\br23\tools\sdk.elf.o
 *(.classic_rf_code)
 *fill*         0x01e1acf5        0x1 
 .classic_rf_code
                0x01e1acf6     0x5428 cpu\br23\tools\sdk.elf.o
 *(.classic_bb_const)
 *(.classic_bb_code)
                0x0000cab6                BTCTLER_CL_CODE_SIZE = ABSOLUTE ((. - BTCTLER_CL_CODE_START))
                0x01e20120                . = ALIGN (0x4)
 *fill*         0x01e2011e        0x2 
 *(.classic_tws_const)
 *(.classic_tws_code)
 .classic_tws_code
                0x01e20120       0xce cpu\br23\tools\sdk.elf.o
 *(.classic_tws_code.esco)
 *(.tws_media_sync_code)
 *(.tws_media_sync_const)
 *(.tws_data_forward_code)
 *(.tws_data_forward_const)
                0x01e201f0                . = ALIGN (0x4)
 *fill*         0x01e201ee        0x2 
                0x01e201f0                tws_func_stub_begin = .
 *(.tws_func_stub)
 .tws_func_stub
                0x01e201f0        0x8 cpu\br23\tools\sdk.elf.o
                0x01e201f8                tws_func_stub_end = .
 *(.lmp_irq_code)
 .lmp_irq_code  0x01e201f8      0x182 cpu\br23\tools\sdk.elf.o
 *(.link_bulk_code)
 .link_bulk_code
                0x01e2037a      0x454 cpu\br23\tools\sdk.elf.o
 *(.frame_irq_code)
                0x01e207d0                . = ALIGN (0x4)
 *fill*         0x01e207ce        0x2 
 *(.link_task_const)
 .link_task_const
                0x01e207d0        0x8 cpu\br23\tools\sdk.elf.o
 *(.link_task_code)
 .link_task_code
                0x01e207d8      0x760 cpu\br23\tools\sdk.elf.o
                0x01e20f38                . = ALIGN (0x4)
 *(.classic_irq_const)
 *(.classic_irq_code)
                0x01e20f38                . = ALIGN (0x4)
 *(.tws_irq_code)
                0x01e20f38                . = ALIGN (0x4)
                0x01e20f38                tws_sync_call_begin = .
 *(.tws_sync_call)
 .tws_sync_call
                0x01e20f38       0x18 cpu\br23\tools\sdk.elf.o
                0x01e20f50                tws_sync_call_end = .
                0x01e20f50                . = ALIGN (0x4)
                0x01e20f50                tws_sync_channel_begin = .
 *(.tws_sync_channel.0)
 *(.tws_sync_channel.1)
 *(.tws_sync_channel.2)
 *(.tws_sync_channel.3)
 *(.tws_sync_channel.4)
 *(.tws_sync_channel.5)
 *(.tws_sync_channel.6)
 *(.tws_sync_channel.7)
 *(.tws_sync_channel.8)
 *(.tws_sync_channel.9)
 *(.tws_sync_channel.10)
 *(.tws_sync_channel.11)
 *(.tws_sync_channel.12)
 *(.tws_sync_channel.13)
                0x01e20f50                tws_sync_channel_end = .
                0x01e20f50                btctler_code_end = .
                0x01e20f50                . = ALIGN (0x4)
                0x01e20f50                . = ALIGN (0x4)
                0x01e20f50                btstack_code_start = .
                0x01e20f50                . = ALIGN (0x4)
                0x01e20f50                a2dp_source_media_codec_begin = .
 *(.a2dp_source_media_codec)
 .a2dp_source_media_codec
                0x01e20f50       0x18 cpu\br23\tools\sdk.elf.o
                0x01e20f50                a2dp_source_codec
                0x01e20f68                a2dp_source_media_codec_end = .
                0x01e20f68                a2dp_sink_media_probe_begin = .
 *(.a2dp_sink_media_probe)
                0x01e20f68                a2dp_sink_media_probe_end = .
                0x01e20f68                a2dp_sink_media_codec_begin = .
 *(.a2dp_sink_media_codec)
 .a2dp_sink_media_codec
                0x01e20f68       0x30 cpu\br23\tools\sdk.elf.o
                0x01e20f68                a2dp_1sbc_codec_private
                0x01e20f80                a2dp_2aac_sink_codec
                0x01e20f98                a2dp_sink_media_codec_end = .
                0x01e20f98                a2dp_event_handler_begin = .
 *(.a2dp_event_handler)
 .a2dp_event_handler
                0x01e20f98       0x54 cpu\br23\tools\sdk.elf.o
                0x01e20f98                a2dp_sink_event_handler
                0x01e20fb4                a2dp_source_event_handler
                0x01e20fd0                acp_a2dp_event_handler
                0x01e20fec                a2dp_event_handler_end = .
                0x01e20fec                sdp_record_item_begin = .
 *(.sdp_record_item)
 .sdp_record_item
                0x01e20fec       0x48 cpu\br23\tools\sdk.elf.o
                0x01e20fec                a2dp_sdp_record_item
                0x01e20ff8                arp_ct_sdp_record_item
                0x01e21004                arp_ta_sdp_record_item
                0x01e21010                hfp_sdp_record_item
                0x01e2101c                hid_sdp_record_item
                0x01e21028                pnp_sdp_record_item
                0x01e21034                sdp_record_item_end = .
                0x01e21034                bt_sleep_begin = .
 *(.bt_sleep)
 .bt_sleep      0x01e21034       0x6c cpu\br23\tools\sdk.elf.o
                0x01e21034                bt_suspend_a2dp_resumea2dp_release
                0x01e21040                bt_suspend_avctp_resumeavctp_release
                0x01e2104c                bt_suspend_hfp_resumehfp_release
                0x01e21058                bt_suspend_hid_resumehid_release
                0x01e21064                bt_suspend_user_cmd_loop_resumeuser_cmd_loop_release
                0x01e21070                bt_suspend_spp_resumespp_release
                0x01e2107c                bt_suspend_spp_up_resumespp_up_release
                0x01e21088                bt_suspend_iap_resumeiap_release
                0x01e21094                bt_suspend_sdp_resumesdp_release
                0x01e210a0                bt_sleep_end = .
 *(.bt_stack_const)
 .bt_stack_const
                0x01e210a0      0x8b4 cpu\br23\tools\sdk.elf.o
 *(.bt_stack_code)
 .bt_stack_code
                0x01e21954     0xadbc cpu\br23\tools\sdk.elf.o
 *(.ble_db_const)
 *(.ble_db_code)
 *(.ble_sm_const)
 *(.ble_sm_code)
 *(.ble_att_const)
 *(.ble_att_code)
 *(.ble_gatt_const)
 *(.ble_gatt_code)
                0x01e2c710                BTSTACK_LE_HOST_MESH_CODE_START = .
 *(.ble_mesh_code)
 *(.ble_mesh_tinycrypt_code)
 *(.ble_mesh_const)
 *(.ble_mesh_tinycrypt_const)
                0x00000000                BTSTACK_LE_HOST_MESH_CODE_SIZE = ABSOLUTE ((. - BTSTACK_LE_HOST_MESH_CODE_START))
                0x01e2c710                btstack_code_end = .
                0x01e2c710                . = ALIGN (0x4)
                0x0000b7c0                BTSTACK_CODE_TOTAL_SIZE = (btstack_code_end - btstack_code_start)
                0x01e2c710                . = ALIGN (0x4)
                0x01e2c710                . = ALIGN (0x4)
                0x01e2c710                system_text_start = .
                0x01e2c710                _device_node_begin = .
                0x01e2c710                PROVIDE (device_node_begin, .)
 *(.device)
 .device        0x01e2c710       0x30 cpu\br23\tools\sdk.elf.o
                0x01e2c710                device_table
                0x01e2c740                _device_node_end = .
                0x01e2c740                PROVIDE (device_node_end, .)
                0x01e2c740                config_target_begin = .
                [!provide]                PROVIDE (config_target_begin, .)
 *(.config_target)
 .config_target
                0x01e2c740        0x8 cpu\br23\tools\sdk.elf.o
                0x01e2c740                eq_config_target
                0x01e2c748                config_target_end = .
                [!provide]                PROVIDE (config_target_end, .)
                0x01e2c748                system_code_begin = .
 *(.system.*.text)
 .system.fs.text
                0x01e2c748     0x6fec cpu\br23\tools\sdk.elf.o
 .system.device.text
                0x01e33734       0xdc cpu\br23\tools\sdk.elf.o
 .system.lbuf.text
                0x01e33810      0x608 cpu\br23\tools\sdk.elf.o
 .system.printf.text
                0x01e33e18      0x854 cpu\br23\tools\sdk.elf.o
 .system.cpu.text
                0x01e3466c       0xfc cpu\br23\tools\sdk.elf.o
 .system.timer.text
                0x01e34768      0x354 cpu\br23\tools\sdk.elf.o
 .system.cbuf.text
                0x01e34abc        0xe cpu\br23\tools\sdk.elf.o
 .system.event.text
                0x01e34aca      0x444 cpu\br23\tools\sdk.elf.o
 .system.cfg_tool.text
                0x01e34f0e      0x6e2 cpu\br23\tools\sdk.elf.o
 .system.task.text
                0x01e355f0       0x52 cpu\br23\tools\sdk.elf.o
 .system.ascii.text
                0x01e35642      0x134 cpu\br23\tools\sdk.elf.o
 .system.app_core.text
                0x01e35776      0x148 cpu\br23\tools\sdk.elf.o
 .system.init.text
                0x01e358be       0x2a cpu\br23\tools\sdk.elf.o
                0x01e358be                boot_info_init
                0x01e358e8                system_code_end = .
                0x01e358e8                . = ALIGN (0x4)
                0x000091a0                system_code_size = (system_code_end - system_code_begin)
                0x01e358e8                vfs_ops_begin = .
 *(.vfs_operations)
 .vfs_operations
                0x01e358e8       0xe8 cpu\br23\tools\sdk.elf.o
                0x01e358e8                sdfile_vfs_ops
                0x01e3595c                fat_vfs_ops
                0x01e359d0                vfs_ops_end = .
                0x01e359d0                _lib_version_begin = .
                [!provide]                PROVIDE (lib_version_begin, .)
 *(.lib_version)
 .lib_version   0x01e359d0        0xc cpu\br23\tools\sdk.elf.o
                0x01e359d0                __version_sdfile
                0x01e359d4                __version_fs
                0x01e359d8                __version_fatfs
                0x01e359dc                _lib_version_end = .
                [!provide]                PROVIDE (lib_version_end, .)
                0x01e359dc                _initcall_begin = .
                0x01e359dc                PROVIDE (initcall_begin, .)
 *(.initcall)
 .initcall      0x01e359dc        0xc cpu\br23\tools\sdk.elf.o
                0x01e359dc                __initcall_app_update_init
                0x01e359e0                __initcall_timer2_init
                0x01e359e4                __initcall_eq_init
                0x01e359e8                _initcall_end = .
                0x01e359e8                PROVIDE (initcall_end, .)
                0x01e359e8                _early_initcall_begin = .
                0x01e359e8                PROVIDE (early_initcall_begin, .)
 *(.early.initcall)
 .early.initcall
                0x01e359e8        0xc cpu\br23\tools\sdk.elf.o
                0x01e359e8                __initcall_board_power_wakeup_init
                0x01e359ec                __initcall_sys_event_init
                0x01e359f0                __initcall_sdfile_init
                0x01e359f4                _early_initcall_end = .
                0x01e359f4                PROVIDE (early_initcall_end, .)
                0x01e359f4                _late_initcall_begin = .
                0x01e359f4                PROVIDE (late_initcall_begin, .)
 *(.late.initcall)
 .late.initcall
                0x01e359f4        0x4 cpu\br23\tools\sdk.elf.o
                0x01e359f4                __initcall_sdk_meky_check
                0x01e359f8                _late_initcall_end = .
                0x01e359f8                PROVIDE (late_initcall_end, .)
                0x01e359f8                _platform_initcall_begin = .
                0x01e359f8                PROVIDE (platform_initcall_begin, .)
 *(.platform.initcall)
 .platform.initcall
                0x01e359f8        0x4 cpu\br23\tools\sdk.elf.o
                0x01e359f8                __initcall_syscfg_tools_init
                0x01e359fc                _platform_initcall_end = .
                0x01e359fc                PROVIDE (platform_initcall_end, .)
                0x01e359fc                _module_initcall_begin = .
                0x01e359fc                PROVIDE (module_initcall_begin, .)
 *(.module.initcall)
                0x01e359fc                _module_initcall_end = .
                0x01e359fc                PROVIDE (module_initcall_end, .)
                0x01e359fc                _sys_event_handler_begin = .
                0x01e359fc                PROVIDE (sys_event_handler_begin, .)
 *(.sys_event.4.handler)
 .sys_event.4.handler
                0x01e359fc        0x8 cpu\br23\tools\sdk.elf.o
                0x01e359fc                __event_handler_tws_key_event_handler
 *(.sys_event.3.handler)
 .sys_event.3.handler
                0x01e35a04        0x8 cpu\br23\tools\sdk.elf.o
                0x01e35a04                __event_handler_app_key_event_remap
 *(.sys_event.2.handler)
 *(.sys_event.1.handler)
 *(.sys_event.0.handler)
 .sys_event.0.handler
                0x01e35a0c        0x8 cpu\br23\tools\sdk.elf.o
                0x01e35a0c                __event_handler_app_sys_event_probe_handler
                0x01e35a14                _sys_event_handler_end = .
                0x01e35a14                PROVIDE (sys_event_handler_end, .)
                0x01e35a14                _syscfg_arg_begin = .
                [!provide]                PROVIDE (syscfg_arg_begin, .)
 *(.syscfg.arg)
                0x01e35a14                _syscfg_arg_end = .
                [!provide]                PROVIDE (syscfg_arg_end, .)
                0x01e35a14                _syscfg_handler_begin = .
                [!provide]                PROVIDE (syscfg_handler_begin, .)
 *(.syscfg.handler)
                0x01e35a14                _syscfg_handler_end = .
                [!provide]                PROVIDE (syscfg_handler_end, .)
                0x01e35a14                _syscfg_ops_begin = .
                0x01e35a14                PROVIDE (syscfg_ops_begin, .)
 *(.syscfg.2.ops)
 .syscfg.2.ops  0x01e35a14       0x1c cpu\br23\tools\sdk.elf.o
                0x01e35a14                cfg_btif
 *(.syscfg.1.ops)
 .syscfg.1.ops  0x01e35a30       0x1c cpu\br23\tools\sdk.elf.o
                0x01e35a30                cfg_vm
 *(.syscfg.0.ops)
 .syscfg.0.ops  0x01e35a4c       0x1c cpu\br23\tools\sdk.elf.o
                0x01e35a4c                cfg_bin
                0x01e35a68                _syscfg_ops_end = .
                0x01e35a68                PROVIDE (syscfg_ops_end, .)
                0x01e35a68                _server_info_begin = .
                [!provide]                PROVIDE (server_info_begin, .)
 *(.server_info)
                0x01e35a68                _server_info_end = .
                [!provide]                PROVIDE (server_info_end, .)
                0x01e35a68                _bus_device_begin = .
                [!provide]                PROVIDE (bus_device_begin, .)
 *(.bus_device)
                0x01e35a68                _bus_device_end = .
                [!provide]                PROVIDE (bus_device_end, .)
                0x01e35a68                _sys_power_hal_ops_begin = .
                [!provide]                PROVIDE (sys_power_hal_ops_begin, .)
 *(.sys_power_hal_ops)
                0x01e35a68                _sys_power_hal_ops_end = .
                [!provide]                PROVIDE (sys_power_hal_ops_end, .)
                0x01e35a68                . = ALIGN (0x4)
                0x01e35a68                lp_target_begin = .
                [!provide]                PROVIDE (lp_target_begin, .)
 *(.lp_target)
 .lp_target     0x01e35a68       0xa0 cpu\br23\tools\sdk.elf.o
                0x01e35a68                key_lp_target
                0x01e35a70                hid_user_target
                0x01e35a78                ota_lp_target
                0x01e35a80                usb_stor_lp_target
                0x01e35a88                phone_incom_lp_target
                0x01e35a90                fm_lp_target
                0x01e35a98                linein_lp_target
                0x01e35aa0                linein_dev_lp_target
                0x01e35aa8                music_lp_target
                0x01e35ab0                pc_lp_target
                0x01e35ab8                audio_mc_device_lp_target
                0x01e35ac0                audio_dec_init_lp_target
                0x01e35ac8                bt_dec_lp_target
                0x01e35ad0                tone_dec_lp_target
                0x01e35ad8                audio_adc_demo
                0x01e35ae0                mic_demo_lp_target
                0x01e35ae8                usb_dev_lp_target
                0x01e35af0                usr_systimer_lp_target
                0x01e35af8                eq_online_lp_target
                0x01e35b00                btstack_lowpower_target
                0x01e35b08                lp_target_end = .
                [!provide]                PROVIDE (lp_target_end, .)
                0x01e35b08                . = ALIGN (0x4)
                0x01e35b08                deepsleep_target_begin = .
                [!provide]                PROVIDE (deepsleep_target_begin, .)
 *(.deepsleep_target)
                0x01e35b08                deepsleep_target_end = .
                [!provide]                PROVIDE (deepsleep_target_end, .)
                0x01e35b08                crypto_begin = .
 *(.crypto_ecdh_code)
 *(.crypto_ecdh_const)
 *(.crypto_bigint_code)
 .crypto_bigint_code
                0x01e35b08      0x5ea cpu\br23\tools\sdk.elf.o
 *(.crypto_bigint_const)
 *(.crypto_code)
 .crypto_code   0x01e360f2      0x594 cpu\br23\tools\sdk.elf.o
 *(.crypto_const)
 *fill*         0x01e36686        0x2 
 .crypto_const  0x01e36688      0x171 cpu\br23\tools\sdk.elf.o
 *(.ECDH_sample_code)
 *(.ECDH_sample_const)
 *(.uECC_code)
 *fill*         0x01e367f9        0x1 
 .uECC_code     0x01e367fa     0x1f1e cpu\br23\tools\sdk.elf.o
 *(.uECC_const)
 .uECC_const    0x01e38718       0xb0 cpu\br23\tools\sdk.elf.o
 *(.hmac_code)
 .hmac_code     0x01e387c8      0x32c cpu\br23\tools\sdk.elf.o
 *(.hmac_const)
 *(.hash_sample_code)
 *(.hash_sample_const)
 *(.aes_cmac_sample_code)
 *(.aes_cmac_sample_const)
                0x01e38af4                crypto_end = .
                0x00002fec                crypto_size = (. - crypto_begin)
 *(.mem_code)
 .mem_code      0x01e38af4      0x516 cpu\br23\tools\sdk.elf.o
 *(.mem_const)
 *(.os_port_code)
 .os_port_code  0x01e3900a      0x944 cpu\br23\tools\sdk.elf.o
 *(.os_port_const)
 *fill*         0x01e3994e        0x2 
 .os_port_const
                0x01e39950       0x24 cpu\br23\tools\sdk.elf.o
                0x01e39974                __movable_function_start = .
 *(movable.text.*)
 *(movable.stub.*)
 *(movable.region.*)
                0x01e39974                __movable_function_end = .
                0x00000000                __movable_function_size = (__movable_function_end - __movable_function_start)
                0x01e39974                system_text_end = .
                0x0000d264                system_code_total_size = (system_text_end - system_text_start)
                0x01e39974                . = ALIGN (0x4)
                0x01e39974                lcd_interface_begin = .
 *(.lcd_if_info)
                0x01e39974                lcd_interface_end = .
                0x01e39974                ui_style_begin = .
 *(.ui_style)
                0x01e39974                ui_style_end = .
                0x01e39974                elm_event_handler_begin_JL = .
 *(.elm_event_handler_JL)
                0x01e39974                elm_event_handler_end_JL = .
                0x01e39974                elm_event_handler_begin_UPGRADE = .
 *(.elm_event_handler_UPGRADE)
                0x01e39974                elm_event_handler_end_UPGRADE = .
                0x01e39974                elm_event_handler_begin_DIAL = .
 *(.elm_event_handler_DIAL)
                0x01e39974                elm_event_handler_end_DIAL = .
                0x01e39974                control_event_handler_begin = .
 *(.control_event_handler)
                0x01e39974                control_event_handler_end = .
                0x01e39974                control_ops_begin = .
 *(.control_ops)
                0x01e39974                control_ops_end = .
                0x01e39974                battery_notify_begin = .
 *(.battery_notify)
                0x01e39974                battery_notify_end = .
                0x01e39974                . = ALIGN (0x4)
                0x01e39974                media_text_start = .
 *(.aec_code)
 .aec_code      0x01e39974      0xe7e cpu\br23\tools\sdk.elf.o
 *(.aec_const)
 *(.der_code)
 *(.der_const)
 *(.nlp_code)
 .nlp_code      0x01e3a7f2      0x2d2 cpu\br23\tools\sdk.elf.o
 *(.nlp_const)
 *(.qmf_code)
 .qmf_code      0x01e3aac4      0x1a6 cpu\br23\tools\sdk.elf.o
 *(.qmf_const)
 *fill*         0x01e3ac6a        0x2 
 .qmf_const     0x01e3ac6c       0x18 cpu\br23\tools\sdk.elf.o
 *(.bt_audioplc_sparse_code)
 *(.bt_audioplc_code)
 *(.bt_audioplc_const)
                0x01e3ac84                . = ALIGN (0x4)
 *(.res_code)
 *(.res_const)
                0x01e3ac84                . = ALIGN (0x4)
 *(.ns_code)
 .ns_code       0x01e3ac84      0x272 cpu\br23\tools\sdk.elf.o
 *(.ns_const)
 *(.opcore_maskrom)
                0x01e3aef8                . = ALIGN (0x4)
 *fill*         0x01e3aef6        0x2 
 *(.g729_code)
 .g729_code     0x01e3aef8      0x1ea cpu\br23\tools\sdk.elf.o
 *(.g729_const)
 *(.g726_code)
 .g726_code     0x01e3b0e2      0x17c cpu\br23\tools\sdk.elf.o
 *(.g726_const)
 *(.wtg_dec_code)
 .wtg_dec_code  0x01e3b25e      0xd78 cpu\br23\tools\sdk.elf.o
 *(.wtg_dec_const)
 *fill*         0x01e3bfd6        0x2 
 .wtg_dec_const
                0x01e3bfd8     0x10b4 cpu\br23\tools\sdk.elf.o
 *(.wtg_dec_sparse_code)
 .wtg_dec_sparse_code
                0x01e3d08c       0xe4 cpu\br23\tools\sdk.elf.o
 *(.wtg_dec_sparse_const)
 *(.wtgv2_code)
 *(.wtgv2_const)
 *(.wtgv2dec_code)
 *(.wtgv2dec_const)
 *(.wtgv2dec_str)
 *(.wtg_decv2_sparse_code)
 *(.bfilt_code)
                0x01e3d170                . = ALIGN (0x4)
 *(.mp3_decstream_const)
 *(.mp3_decstream_code)
 *(.mp3_decstream_sparse_code)
 *(.mp3_decstream_sparse_const)
 *(.mp3_dec_sparse_code)
 .mp3_dec_sparse_code
                0x01e3d170     0x128c cpu\br23\tools\sdk.elf.o
 *(.mp3_dec_sparse_const)
 *(.mp3_dec_code)
 .mp3_dec_code  0x01e3e3fc     0x32c6 cpu\br23\tools\sdk.elf.o
 *(.mp3_dec_const)
 *fill*         0x01e416c2        0x2 
 .mp3_dec_const
                0x01e416c4     0x2b2c cpu\br23\tools\sdk.elf.o
 *(.mp3_const)
 *(.mp3_code)
 .mp3_code      0x01e441f0      0x420 cpu\br23\tools\sdk.elf.o
 *(.msbc_code)
 .msbc_code     0x01e44610      0x5c4 cpu\br23\tools\sdk.elf.o
 *(.msbc_const)
 .msbc_const    0x01e44bd4       0x4e cpu\br23\tools\sdk.elf.o
 *(.mty_code)
 *(.mty_const)
 *(.mp3tsy_dec_code)
 *(.mp3tsy_dec_const)
 *(.mp3tsy_dec_sparse_code)
 *(.mp3tsy_dec_sparse_const)
 *(.sbc_code)
 .sbc_code      0x01e44c22      0x3e4 cpu\br23\tools\sdk.elf.o
 *(.sbc_const)
 *fill*         0x01e45006        0x2 
 .sbc_const     0x01e45008        0xc cpu\br23\tools\sdk.elf.o
 *(.sine_code)
 *(.sine_const)
 *(.wma_code)
 .wma_code      0x01e45014      0x3d8 cpu\br23\tools\sdk.elf.o
 *(.wma_const)
 *(.wma_dec_code)
 .wma_dec_code  0x01e453ec     0x2a04 cpu\br23\tools\sdk.elf.o
 *(.wma_dec_const)
 .wma_dec_const
                0x01e47df0     0x4130 cpu\br23\tools\sdk.elf.o
 *(.wma_dec_sparse_code)
 .wma_dec_sparse_code
                0x01e4bf20     0x10dc cpu\br23\tools\sdk.elf.o
 *(.wma_dec_sparse_const)
 *(.wma_decstream_const)
 *(.wma_decstream_code)
 *(.wma_decstream_sparse_code)
 *(.wma_decstream_sparse_const)
 *(.amr_code)
 .amr_code      0x01e4cffc      0x30e cpu\br23\tools\sdk.elf.o
 *(.amr_const)
 *(.midi_code)
 *(.midi_const)
 *(.audio_decoder_code)
 .audio_decoder_code
                0x01e4d30a      0x900 cpu\br23\tools\sdk.elf.o
 *(.audio_decoder_const)
 *(.mp3_encode_code)
 .mp3_encode_code
                0x01e4dc0a      0x1c4 cpu\br23\tools\sdk.elf.o
 *(.mp3_encode_const)
 *(.media_device_code)
 *(.media_device_const)
 *(.audio_encoder_code)
 *(.audio_encoder_const)
 *(.mixer_code)
 .mixer_code    0x01e4ddce      0x7d4 cpu\br23\tools\sdk.elf.o
 *(.mixer_const)
 *(.stream_code)
 .stream_code   0x01e4e5a2      0x208 cpu\br23\tools\sdk.elf.o
 *(.stream_const)
 *(.dec_server_code)
 *(.dec_server_const)
 *(.rec_server_code)
 *(.rec_server_const)
 *(.auto_mute_code)
 *(.auto_mute_const)
 *(.plc_code)
 *(.plc_const)
 *(.wireless_sync_code)
 *(.wireless_sync_const)
 *(.fft_code)
 .fft_code      0x01e4e7aa      0x14c cpu\br23\tools\sdk.elf.o
 *(.fft_const)
 *(.mp3_enc_code)
 *(.mp3_enc_const)
 *(.mp3_enc_sparse_code)
 *(.mp3_enc_sparse_const)
                0x01e4e8f8                . = ALIGN (0x4)
 *fill*         0x01e4e8f6        0x2 
 *(.mp2_encode_code)
 .mp2_encode_code
                0x01e4e8f8      0x146 include_lib/liba/br23/lib_mp2_code.a(mp2code_main.o)
                0x01e4e8f8                mp2_put_bits
 .mp2_encode_code
                0x01e4ea3e      0x7da include_lib/liba/br23/lib_mp2_code.a(encodemp2.o)
                0x01e4ea3e                compute_bit_allocation
                0x01e4ec56                encode_init
                0x01e4eda8                compute_scale_factors
                0x01e4ee62                get_header_length
                0x01e4eeb4                encode_frame_header
                0x01e4f09c                encode_frame_data
 .mp2_encode_code
                0x01e4f218      0x562 include_lib/liba/br23/lib_mp2_code.a(mp2dsp.o)
                0x01e4f218                mp2_filter
 *(.mp2_encode_const)
 *fill*         0x01e4f77a        0x2 
 .mp2_encode_const
                0x01e4f77c       0x1c include_lib/liba/br23/lib_mp2_code.a(mp2code_main.o)
                0x01e4f77c                mp2contobj_ops
 .mp2_encode_const
                0x01e4f798      0x374 include_lib/liba/br23/lib_mp2_code.a(encodemp2.o)
                0x01e4f798                mp3_freq_tab
                0x01e4f79e                mp2_bitrate_table
                0x01e4f7e9                sblimt
                0x01e4f7ee                quant_steps
                0x01e4f810                quant_bits
                0x01e4f822                total_quant_bits
                0x01e4f844                alloc_sb1
                0x01e4f862                alloc_table_1
                0x01e4f88e                alloc_sb3
                0x01e4f89a                alloc_table_3
                0x01e4f8b2                alloc_sb4
                0x01e4f8d0                alloc_table_4
                0x01e4f8ec                quant_snr
                0x01e4f910                alloc_sbs
                0x01e4f924                alloc_tables
                0x01e4f938                nb_scale_factors
                0x01e4f93c                scale_factor_table
                0x01e4fa3c                scale_factor_shift
                0x01e4fa7c                scale_factor_mult
                0x01e4fafc                mp2_ff_log2_tab
 .mp2_encode_const
                0x01e4fb0c      0xca0 include_lib/liba/br23/lib_mp2_code.a(mp2dsp.o)
                0x01e4fb0c                mp2_filter_bank
                0x01e5030c                mp2_costab32
                0x01e50388                bitinv32
                0x01e503a8                mpa_enwindow
 *(.mp2_encode_sparse_code)
 .mp2_encode_sparse_code
                0x01e507ac      0x15a include_lib/liba/br23/lib_mp2_code.a(mp2code_main.o)
                0x01e508fe                get_mp2_ops
 *(.mp2_encode_sparse_const)
                0x01e50908                . = ALIGN (0x4)
 *fill*         0x01e50906        0x2 
 *(.adpcm_encode_code)
 .adpcm_encode_code
                0x01e50908      0x50c include_lib/liba/br23/lib_adpcm_code.a(en_adpcm.o)
                0x01e5097e                adpcm_coder
 *(.adpcm_encode_const)
 .adpcm_encode_const
                0x01e50e14       0x1c include_lib/liba/br23/lib_adpcm_code.a(en_adpcm_main.o)
                0x01e50e14                msadpcmcontobj_ops
 .adpcm_encode_const
                0x01e50e30       0x78 include_lib/liba/br23/lib_adpcm_code.a(en_adpcm.o)
                0x01e50e30                ms_AdaptCoeff1
                0x01e50e4c                ms_AdaptCoeff2
 *(.adpcm_encode_sparse_code)
 .adpcm_encode_sparse_code
                0x01e50ea8      0x1a0 include_lib/liba/br23/lib_adpcm_code.a(en_adpcm_main.o)
                0x01e51040                get_msenadpcm_ops
 *(.adpcm_encode_sparse_const)
                0x01e51048                . = ALIGN (0x4)
 *(.m4a_dec_sparse_code)
 .m4a_dec_sparse_code
                0x01e51048      0x766 cpu\br23\tools\sdk.elf.o
 *(.m4a_dec_sparse_const)
 *fill*         0x01e517ae        0x2 
 .m4a_dec_sparse_const
                0x01e517b0      0x1bc cpu\br23\tools\sdk.elf.o
 *(.aac_dec_sparse_code)
 *(.aac_dec_sparse_const)
 *(.bt_aac_dec_core_const)
 .bt_aac_dec_core_const
                0x01e5196c     0x2500 cpu\br23\tools\sdk.elf.o
 *(.amr_dec_const)
 .amr_dec_const
                0x01e53e6c     0xe603 cpu\br23\tools\sdk.elf.o
 *(.dts_dec_ff_const)
 *fill*         0x01e6246f        0x1 
 .dts_dec_ff_const
                0x01e62470    0x11000 cpu\br23\tools\sdk.elf.o
 *(.dts_dec_sparse_code)
 .dts_dec_sparse_code
                0x01e73470      0x270 cpu\br23\tools\sdk.elf.o
 *(.dts_dec_sparse_const)
 *(.res_sparse_code)
 *(.ns_sparse_code)
 .ns_sparse_code
                0x01e736e0      0x480 cpu\br23\tools\sdk.elf.o
 *(.aec_sparse_code)
 .aec_sparse_code
                0x01e73b60       0xf2 cpu\br23\tools\sdk.elf.o
 *(.nlp_sparse_code)
 .nlp_sparse_code
                0x01e73c52      0x10e cpu\br23\tools\sdk.elf.o
 *(.der_sparse_code)
 *(.qmf_sparse_code)
 .qmf_sparse_code
                0x01e73d60       0x26 cpu\br23\tools\sdk.elf.o
 *(.sms_const)
 *(.sms_sparse_code)
 *(.sms_code)
 *(.resample_cal_code)
 *(.resample_cal_sparse_code)
 *(.resample_cal_const)
 *(.bt_compressor_sparse_const)
 *(.bt_compressor_sparse_code)
 *(.compressor_sparse_code)
 .compressor_sparse_code
                0x01e73d86      0x36c cpu\br23\tools\sdk.elf.o
 *(.compressor_sparse_const)
 *(.bt_limiter_sparse_const)
 *(.bt_limiter_sparse_code)
 *(.limiter_sparse_code)
 .limiter_sparse_code
                0x01e740f2      0x1a4 cpu\br23\tools\sdk.elf.o
 *(.limiter_sparse_const)
 *(.bt_crossOver_sparse_const)
 *(.bt_crossOver_sparse_code)
 *(.crossOver_sparse_code)
 .crossOver_sparse_code
                0x01e74296      0x16e include_lib/liba/br23/crossover_coff.a(crossOver.o)
                0x01e74296                get_crossOver_buf
                0x01e742b6                crossOver_init
                0x01e7435a                crossOver_update
 .crossOver_sparse_code
                0x01e74404      0x7de include_lib/liba/br23/crossover_coff.a(crossover_coff.o)
                0x01e74404                crossoverCoff_init
                0x01e74612                crossoverCoff_run
 *(.crossOver_sparse_const)
 *(.iap_code)
 *(.iap_const)
 *(.audio_bfilt_code)
 *(.audio_bfilt_const)
 *(.audio_buf_sync_code)
 .audio_buf_sync_code
                0x01e74be2       0xe2 cpu\br23\tools\sdk.elf.o
 *(.audio_buf_sync_const)
 *(.audio_dec_app_code)
 .audio_dec_app_code
                0x01e74cc4      0xab8 cpu\br23\tools\sdk.elf.o
 *(.audio_dec_app_const)
 .audio_dec_app_const
                0x01e7577c       0x6c cpu\br23\tools\sdk.elf.o
 *(.audio_dec_app_sync_code)
 .audio_dec_app_sync_code
                0x01e757e8        0x2 cpu\br23\tools\sdk.elf.o
 *(.audio_dec_app_sync_const)
 *(.audio_dec_app_event_callback)
 .audio_dec_app_event_callback
                0x01e757ea       0x5a cpu\br23\tools\sdk.elf.o
 *(.audio_dec_app_dec_run)
 .audio_dec_app_dec_run
                0x01e75844       0xf8 cpu\br23\tools\sdk.elf.o
 *(.audio_dec_app_normal_run)
 .audio_dec_app_normal_run
                0x01e7593c       0x56 cpu\br23\tools\sdk.elf.o
 *(.audio_dec_tone_event_callback)
 .audio_dec_tone_event_callback
                0x01e75992      0x112 cpu\br23\tools\sdk.elf.o
 *(.audio_dig_vol_code)
 *(.audio_dig_vol_const)
 *(.audio_echo_reverb_code)
 *(.audio_echo_reverb_const)
 *(.audio_echo_src_code)
 *(.audio_echo_src_const)
 *(.audio_energy_detect_code)
 *(.audio_energy_detect_const)
 *(.audio_eq_code)
 .audio_eq_code
                0x01e75aa4      0x3f0 cpu\br23\tools\sdk.elf.o
 *(.audio_eq_const)
 *(.audio_drc_code)
 .audio_drc_code
                0x01e75e94      0x298 cpu\br23\tools\sdk.elf.o
 *(.audio_drc_const)
 *(.audio_eq_drc_apply_code)
 .audio_eq_drc_apply_code
                0x01e7612c      0x43c cpu\br23\tools\sdk.elf.o
 *(.audio_eq_drc_apply_const)
 *(.audio_equalloudness_code)
 *(.audio_equalloudness_const)
 *(.audio_howling_code)
 *(.audio_howling_const)
 *(.audio_noisegate_code)
 *(.audio_noisegate_const)
 *(.audio_output_dac_code)
 .audio_output_dac_code
                0x01e76568      0x3dc cpu\br23\tools\sdk.elf.o
 *(.audio_output_dac_const)
 *(.audio_pemafrow_code)
 *(.audio_pemafrow_const)
 *(.audio_pitch_code)
 *(.audio_pitch_const)
 *(.audio_pitchspeed_code)
 *(.audio_pitchspeed_const)
 *(.audio_surround_code)
 *(.audio_surround_const)
 *(.audio_vbass_code)
 *(.audio_vbass_const)
 *(.audio_vocal_remove_code)
 *(.audio_vocal_remove_const)
 *(.audio_vocal_tract_synthesis_code)
 *(.audio_vocal_tract_synthesis_const)
 *(.eq_config_code)
 .eq_config_code
                0x01e76944      0x3d6 cpu\br23\tools\sdk.elf.o
 *(.eq_config_const)
 *(.eq_config_protocol_code)
 .eq_config_protocol_code
                0x01e76d1a      0x626 cpu\br23\tools\sdk.elf.o
 *(.eq_config_protocol_const)
 .eq_config_protocol_const
                0x01e77340       0x10 cpu\br23\tools\sdk.elf.o
 *(.spectrum_eq_code)
 *(.spectrum_eq_const)
 *(.spectrum_fft_code)
 *(.spectrum_fft_const)
 *(.audio_localtws_code)
 *(.audio_localtws_const)
 *(.audio_dec_localtws_code)
 *(.audio_dec_localtws_const)
 *(.audio_dec_a2dp_code)
 .audio_dec_a2dp_code
                0x01e77350      0x4e6 cpu\br23\tools\sdk.elf.o
 *(.audio_dec_a2dp_const)
 *fill*         0x01e77836        0x2 
 .audio_dec_a2dp_const
                0x01e77838       0x2c cpu\br23\tools\sdk.elf.o
 *(.audio_dec_esco_code)
 .audio_dec_esco_code
                0x01e77864      0x240 cpu\br23\tools\sdk.elf.o
 *(.audio_dec_esco_const)
 .audio_dec_esco_const
                0x01e77aa4       0x2c cpu\br23\tools\sdk.elf.o
 *(.audio_dec_file_code)
 .audio_dec_file_code
                0x01e77ad0      0x4b4 cpu\br23\tools\sdk.elf.o
 *(.audio_dec_file_const)
 .audio_dec_file_const
                0x01e77f84       0x10 cpu\br23\tools\sdk.elf.o
 *(.audio_resample_code)
 *(.audio_resample_const)
 *(.audio_splicing_code)
 .audio_splicing_code
                0x01e77f94      0x4ac cpu\br23\tools\sdk.elf.o
 *(.audio_splicing_const)
 *(.channel_switch_code)
 .channel_switch_code
                0x01e78440       0x1c cpu\br23\tools\sdk.elf.o
 *(.channel_switch_const)
 *(.sw_drc_code)
 .sw_drc_code   0x01e7845c      0x63e cpu\br23\tools\sdk.elf.o
 *(.sw_drc_const)
 *(.aptx_decoder_code)
 *(.aptx_decoder_const)
 *(.ldac_decoder_code)
 *(.ldac_decoder_const)
 *(.speex_encoder_code)
 *(.speex_encoder_const)
 *(.sbc_encoder_code)
 .sbc_encoder_code
                0x01e78a9a      0x110 cpu\br23\tools\sdk.elf.o
 *(.sbc_encoder_const)
 *(.opus_encoder_code)
 *(.opus_encoder_const)
 *(.prevent_task_fill_code)
 *(.prevent_task_fill_const)
 *(.audio_cfifo_code)
 .audio_cfifo_code
                0x01e78baa      0x274 cpu\br23\tools\sdk.elf.o
 *(.audio_cfifo_const)
 *(.audio_adc_code)
 .audio_adc_code
                0x01e78e1e       0x28 cpu\br23\tools\sdk.elf.o
 *(.audio_adc_const)
 *(.audio_dac_code)
 .audio_dac_code
                0x01e78e46     0x104c cpu\br23\tools\sdk.elf.o
 *(.audio_dac_const)
 *(.audio_linein_code)
 .audio_linein_code
                0x01e79e92       0x60 cpu\br23\tools\sdk.elf.o
 *(.audio_linein_const)
 *(.audio_link_code)
 *(.audio_link_const)
 *(.audio_sample_sync_code)
 .audio_sample_sync_code
                0x01e79ef2      0x53a cpu\br23\tools\sdk.elf.o
 *(.audio_sample_sync_const)
 *(.audio_wireless_sync_code)
 .audio_wireless_sync_code
                0x01e7a42c      0x998 cpu\br23\tools\sdk.elf.o
 *(.audio_wireless_sync_const)
 *(.audio_spdif_code)
 .audio_spdif_code
                0x01e7adc4      0x2d2 cpu\br23\tools\sdk.elf.o
 *(.audio_spdif_const)
 *(.audio_src_code)
 .audio_src_code
                0x01e7b096       0xda cpu\br23\tools\sdk.elf.o
 *(.audio_src_const)
 *(.audio_src_base_code)
 .audio_src_base_code
                0x01e7b170      0x25c cpu\br23\tools\sdk.elf.o
 *(.audio_src_base_const)
 *(.effectrs_sync_code)
 *(.effectrs_sync_const)
 *(.eq_design_code)
 .eq_design_code
                0x01e7b3cc      0x530 cpu\br23\tools\sdk.elf.o
 *(.eq_design_const)
 *(.hw_eq_code)
 .hw_eq_code    0x01e7b8fc      0x75a cpu\br23\tools\sdk.elf.o
 *(.hw_eq_const)
 *fill*         0x01e7c056        0x2 
 .hw_eq_const   0x01e7c058       0x14 cpu\br23\tools\sdk.elf.o
 *(.iic_code)
 *(.iic_const)
 *(.mic_cap_code)
 .mic_cap_code  0x01e7c06c      0x9d4 cpu\br23\tools\sdk.elf.o
 *(.mic_cap_const)
 .mic_cap_const
                0x01e7ca40      0x4c6 cpu\br23\tools\sdk.elf.o
 *(.sbc_hwaccel_code)
 .sbc_hwaccel_code
                0x01e7cf06      0x43a cpu\br23\tools\sdk.elf.o
 *(.sbc_hwaccel_const)
                0x01e7d340                . = ALIGN (0x4)
                0x01e7d340                _audio_decoder_begin = .
                0x01e7d340                PROVIDE (audio_decoder_begin, .)
 *(.audio_decoder)
 .audio_decoder
                0x01e7d340      0x3fc cpu\br23\tools\sdk.elf.o
                0x01e7d340                aac_decoder
                0x01e7d384                wma_decoder
                0x01e7d3c8                alac_decoder
                0x01e7d40c                ape_decoder
                0x01e7d450                wav_decoder
                0x01e7d494                m4a_decoder
                0x01e7d4d8                g729_decoder
                0x01e7d51c                mp3_decoder
                0x01e7d560                flac_decoder
                0x01e7d5a4                pcm_decoder
                0x01e7d5e8                sbc_decoder
                0x01e7d62c                msbc_decoder
                0x01e7d670                amr_decoder
                0x01e7d6b4                dts_decoder
                0x01e7d6f8                cvsd_decoder
                0x01e7d73c                _audio_decoder_end = .
                0x01e7d73c                PROVIDE (audio_decoder_end, .)
                0x01e7d73c                _audio_encoder_begin = .
                0x01e7d73c                PROVIDE (audio_encoder_begin, .)
 *(.audio_encoder)
 .audio_encoder
                0x01e7d73c       0xe0 cpu\br23\tools\sdk.elf.o
                0x01e7d73c                adpcm_encoder
                0x01e7d75c                cvsd_encoder
                0x01e7d77c                msbc_encoder
                0x01e7d79c                pcm_encoder
                0x01e7d7bc                sbc_encoder
                0x01e7d7dc                g726_encoder
                0x01e7d7fc                mp3_encoder
                0x01e7d81c                _audio_encoder_end = .
                0x01e7d81c                PROVIDE (audio_encoder_end, .)
                0x01e7d81c                _audio_package_begin = .
                [!provide]                PROVIDE (audio_package_begin, .)
 *(.audio_package)
                0x01e7d81c                _audio_package_end = .
                [!provide]                PROVIDE (audio_package_end, .)
                0x01e7d81c                _audio_dev_begin = .
                [!provide]                PROVIDE (audio_dev_begin, .)
 *(.audio_device)
                0x01e7d81c                _audio_dev_end = .
                [!provide]                PROVIDE (audio_dev_end, .)
                0x01e7d81c                _audio_hwaccel_begin = .
                0x01e7d81c                PROVIDE (audio_hwaccel_begin, .)
 *(.audio_hwaccel)
 .audio_hwaccel
                0x01e7d81c       0x24 cpu\br23\tools\sdk.elf.o
                0x01e7d81c                sbc_hwaccel
                0x01e7d840                _audio_hwaccel_end = .
                0x01e7d840                PROVIDE (audio_hwaccel_end, .)
                0x01e7d840                . = ALIGN (0x4)
                0x01e7d840                media_code_begin = .
 *(.media.*.text)
 .media.audio_decoder.text
                0x01e7d840       0x70 cpu\br23\tools\sdk.elf.o
 .media.media_cpu.text
                0x01e7d8b0      0x152 cpu\br23\tools\sdk.elf.o
 .media.audio_stream.text
                0x01e7da02       0x1c cpu\br23\tools\sdk.elf.o
 .media.mixer.text
                0x01e7da1e       0x30 cpu\br23\tools\sdk.elf.o
 .media.audio_encoder.text
                0x01e7da4e     0x1824 cpu\br23\tools\sdk.elf.o
 .media.audio_dec.text
                0x01e7f272        0x4 cpu\br23\tools\sdk.elf.o
 .media.audio_libutils.text
                0x01e7f276       0x20 cpu\br23\tools\sdk.elf.o
                0x01e7f298                . = ALIGN (0x4)
 *fill*         0x01e7f296        0x2 
 *(.crossOver_code)
 .crossOver_code
                0x01e7f298       0x98 include_lib/liba/br23/crossover_coff.a(crossOver.o)
                0x01e7f302                crossOver_run
 *(.crossOver_const)
 *(.bt_crossOver_const)
 *(.bt_crossOver_code)
                0x01e7f330                . = ALIGN (0x4)
 *(.compressor_code)
 .compressor_code
                0x01e7f330      0x3ca cpu\br23\tools\sdk.elf.o
 *(.compressor_const)
 *(.bt_compressor_const)
 *(.bt_compressor_code)
                0x01e7f6fc                . = ALIGN (0x4)
 *fill*         0x01e7f6fa        0x2 
 *(.limiter_code)
 .limiter_code  0x01e7f6fc      0x158 cpu\br23\tools\sdk.elf.o
 *(.limiter_const)
 *(.bt_limiter_const)
 *(.bt_limiter_code)
                0x01e7f854                . = ALIGN (0x4)
 *(.lib_pitchshift_code)
 *(.lib_pitchshift_const)
                0x01e7f854                . = ALIGN (0x4)
 *(.sur_cal_const)
 *(.sur_cal_code)
                0x01e7f854                . = ALIGN (0x4)
 *(.reverb_cal_sparse_code)
                0x01e7f854                . = ALIGN (0x4)
 *(.dvol_ram_code)
                0x01e7f854                . = ALIGN (0x4)
 *(.reverb_cal_const)
                0x01e7f854                . = ALIGN (0x4)
 *(.reverb_cal_code)
                0x01e7f854                . = ALIGN (0x4)
 *(.stream_code_copy_run)
 *(.mixer_code_out_run)
 .mixer_code_out_run
                0x01e7f854      0x48c cpu\br23\tools\sdk.elf.o
 *(.audio_codec_code_frame_file)
 .audio_codec_code_frame_file
                0x01e7fce0       0x40 cpu\br23\tools\sdk.elf.o
 *(.buf_sync_code_nor_run)
 .buf_sync_code_nor_run
                0x01e7fd20       0xb2 cpu\br23\tools\sdk.elf.o
 *(.resample_fastcal_const)
 *(.resample_fastcal_code)
 *(.resample_fastcal_sparse_code)
                0x01e7fdd4                . = ALIGN (0x4)
 *fill*         0x01e7fdd2        0x2 
                0x01e7fdd4                media_code_end = .
                0x01e7fdd4                . = ALIGN (0x4)
                0x00002594                media_code_size = (media_code_end - media_code_begin)
                0x01e7fdd4                . = ALIGN (0x4)
                0x01e7fdd4                media_text_end = .
                0x00046460                media_code_total_size = (media_text_end - media_text_start)
                0x01e7fdd4                . = ALIGN (0x4)
                0x01e7fdd4                update_target_begin = .
                [!provide]                PROVIDE (update_target_begin, .)
 *(.update_target)
 .update_target
                0x01e7fdd4       0x28 cpu\br23\tools\sdk.elf.o
                0x01e7fdd4                audio_update_target
                0x01e7fddc                iic_update_target
                0x01e7fde4                spi_update_target
                0x01e7fdec                ble_update_target
                0x01e7fdf4                bredr_update_target
                0x01e7fdfc                update_target_end = .
                [!provide]                PROVIDE (update_target_end, .)
                0x01e7fdfc                . = ALIGN (0x4)
 *(.text*)
 .text          0x01e7fdfc    0x18016 cpu\br23\tools\sdk.elf.o
                0x01e825a4                update_result_get
                0x01e8698a                __errno
                0x01e869e0                main
                0x01e94a20                app_load_common_code
                0x01e94eea                exception_analyze
 .text._ZN13Shadow_BFNLMSI9floatReal12floatComplex11fixHalfRealE15QueryBufferSizeEii
                0x01e97e12       0x14 cpu\br23\tools\sdk.elf.o
 .text._ZN19MCRA_NoiseEstimatorI9floatRealE15QueryBufferSizeEi
                0x01e97e26        0xa cpu\br23\tools\sdk.elf.o
 .text._ZN34SingleChannelNoiseSuppressorInBarkI9floatReal12floatComplexE19QueryTempBufferSizeEii
                0x01e97e30        0xe cpu\br23\tools\sdk.elf.o
 .text._ZN3FFTI9floatReal12floatComplexEC2Eii
                0x01e97e3e       0x2c cpu\br23\tools\sdk.elf.o
 .text._Z15VectorMulScalarRK6VectorI9floatRealERK6ScalarIS0_ERS1_
                0x01e97e6a       0x2a cpu\br23\tools\sdk.elf.o
 .text._ZNK6MatrixI12floatComplexEclEiiii
                0x01e97e94       0x3a cpu\br23\tools\sdk.elf.o
 .text._ZN13Shadow_BFNLMSI9floatReal12floatComplex11fixHalfRealEC2EPS0_iiR3FFTIS0_S1_ERK6ScalarIS0_ESB_iSB_SB_
                0x01e97ece      0x1be cpu\br23\tools\sdk.elf.o
 .text._ZNK6VectorI9floatRealEclEiii
                0x01e9808c       0x32 cpu\br23\tools\sdk.elf.o
 .text._ZNK6VectorI12floatComplexEclEiii
                0x01e980be       0x32 cpu\br23\tools\sdk.elf.o
 .text._ZN18NonlinearProcessorI9floatReal12floatComplexEC2EPS0_iiRK6ScalarIS0_ES7_S7_S7_
                0x01e980f0      0x19e cpu\br23\tools\sdk.elf.o
 .text._Z10VectorCopyRK6VectorI9floatRealERS_I11fixHalfRealE
                0x01e9828e       0x2a cpu\br23\tools\sdk.elf.o
 .text._ZN12STFTAnalyserI9floatReal12floatComplex11fixHalfRealEC2EPS0_iiRK6VectorIS2_ER3FFTIS0_S1_E
                0x01e982b8       0x4e cpu\br23\tools\sdk.elf.o
 .text._Z10VectorCopyRK6VectorI9floatRealERS1_
                0x01e98306       0x24 cpu\br23\tools\sdk.elf.o
 .text._ZN15STFTSynthesizerI9floatReal12floatComplex11fixHalfRealEC2EPS0_iiRK6VectorIS2_ER3FFTIS0_S1_E
                0x01e9832a       0x4e cpu\br23\tools\sdk.elf.o
 .text._Z9VectorSetRK6ScalarI9floatRealER6VectorIS0_E
                0x01e98378       0x16 cpu\br23\tools\sdk.elf.o
 .text._Z16VectorMeanSquareRK6VectorI11fixHalfRealER6ScalarI9floatRealE
                0x01e9838e       0x38 cpu\br23\tools\sdk.elf.o
 .text._ZN11VectorArrayI11fixHalfRealEC2ERK6VectorIS0_Ei
                0x01e983c6       0x2e cpu\br23\tools\sdk.elf.o
 .text._ZN13dynamicVectorI12floatComplex9floatRealEC2ER9AllocatorIS1_Eii
                0x01e983f4       0x2c cpu\br23\tools\sdk.elf.o
 .text._ZN13dynamicVectorI9floatRealS0_EC2ER9AllocatorIS0_Eii
                0x01e98420       0x28 cpu\br23\tools\sdk.elf.o
 .text._Z18MatrixAccessColumnRK6MatrixI12floatComplexER6VectorIS0_Ei
                0x01e98448       0x20 cpu\br23\tools\sdk.elf.o
 .text._ZN13dynamicVectorI12floatComplex9floatRealED2Ev
                0x01e98468       0x1c cpu\br23\tools\sdk.elf.o
 .text._Z10MatrixCopyRK6MatrixI12floatComplexERS1_
                0x01e98484       0x4c cpu\br23\tools\sdk.elf.o
 .text._Z18VectorOverlapShiftRK6VectorI11fixHalfRealERS_I9floatRealEi
                0x01e984d0       0x60 cpu\br23\tools\sdk.elf.o
 .text._Z23MatrixEwMulAndSumOneDimRK6MatrixI12floatComplexES3_R6VectorIS0_Ei
                0x01e98530       0x88 cpu\br23\tools\sdk.elf.o
 .text._Z11VectorMinusRK6VectorI11fixHalfRealERKS_I9floatRealERS5_
                0x01e985b8       0x3e cpu\br23\tools\sdk.elf.o
 .text._Z16VectorMeanSquareRK6VectorI9floatRealER6ScalarIS0_E
                0x01e985f6       0x32 cpu\br23\tools\sdk.elf.o
 .text._Z7logAprxI9floatRealEvRK6ScalarIT_ERS3_
                0x01e98628       0x34 cpu\br23\tools\sdk.elf.o
 .text._Z9log10AprxI9floatRealEvRK6ScalarIT_ERS3_
                0x01e9865c       0x1a cpu\br23\tools\sdk.elf.o
 .text._Z6mag2dbI9floatRealEvRK6ScalarIT_ERS3_
                0x01e98676       0x1a cpu\br23\tools\sdk.elf.o
 .text._ZN13Shadow_BFNLMSI9floatReal12floatComplex11fixHalfRealE18UpdateShadowWeightERK6VectorIS2_ES7_RKS4_IS0_ESA_
                0x01e98690      0x108 cpu\br23\tools\sdk.elf.o
 .text._Z25VectorMagRecursiveAverageRK6VectorI12floatComplexERS_I9floatRealERK6ScalarIS4_E
                0x01e98798       0x3c cpu\br23\tools\sdk.elf.o
 .text._Z15VectorMulScalarRK6VectorI12floatComplexERK6ScalarI9floatRealERS1_
                0x01e987d4       0x2e cpu\br23\tools\sdk.elf.o
 .text._Z24VectorConjElementwiseMulRK6VectorI12floatComplexES3_RS1_
                0x01e98802       0x44 cpu\br23\tools\sdk.elf.o
 .text._Z10VectorPlusRK6VectorI9floatRealES3_RS1_
                0x01e98846       0x38 cpu\br23\tools\sdk.elf.o
 .text._Z12VectorDivideRK6VectorI12floatComplexERKS_I9floatRealERS1_RK6ScalarIS4_E
                0x01e9887e       0x3e cpu\br23\tools\sdk.elf.o
 .text._Z10VectorPlusRK6VectorI12floatComplexES3_RS1_
                0x01e988bc       0x40 cpu\br23\tools\sdk.elf.o
 .text._ZN13Shadow_BFNLMSI9floatReal12floatComplex11fixHalfRealE6filterER6VectorIS2_ES6_S6_P9AllocatorIS0_E
                0x01e988fc      0x37c cpu\br23\tools\sdk.elf.o
 .text._ZN13Shadow_BFNLMSI9floatReal12floatComplex11fixHalfRealE13SetPathChangeEv
                0x01e98c78       0x70 cpu\br23\tools\sdk.elf.o
 .text._Z18VectorOverlapShiftRK6VectorI11fixHalfRealERS1_i
                0x01e98ce8        0x4 cpu\br23\tools\sdk.elf.o
 .text._Z20VectorElementwiseMulRK6VectorI11fixHalfRealES3_RS_I9floatRealE
                0x01e98cec       0x64 cpu\br23\tools\sdk.elf.o
 .text._ZN11VectorArrayI12floatComplexEppEi
                0x01e98d50        0xa cpu\br23\tools\sdk.elf.o
 .text._ZN12STFTAnalyserI9floatReal12floatComplex11fixHalfRealE7AnalyseERK6VectorIS2_ER11VectorArrayIS1_EP9AllocatorIS0_E
                0x01e98d5a       0x88 cpu\br23\tools\sdk.elf.o
 .text._Z9VectorMaxRK6ScalarI9floatRealER6VectorIS0_E
                0x01e98de2       0x20 cpu\br23\tools\sdk.elf.o
 .text._Z22VectorElementwiseShiftRK6VectorI9floatRealERS1_i
                0x01e98e02        0x4 cpu\br23\tools\sdk.elf.o
 .text._Z22VectorRecursiveAverageRK6VectorI9floatRealERS1_RK6ScalarIS0_E
                0x01e98e06       0x38 cpu\br23\tools\sdk.elf.o
 .text._Z9VectorMinRK6VectorI9floatRealES3_RS1_
                0x01e98e3e        0x4 cpu\br23\tools\sdk.elf.o
 .text._Z12VectorDivideRK6VectorI9floatRealES3_RS1_RK6ScalarIS0_E
                0x01e98e42        0x6 cpu\br23\tools\sdk.elf.o
 .text._Z11VectorMinusRK6VectorI9floatRealES3_RS1_
                0x01e98e48       0x38 cpu\br23\tools\sdk.elf.o
 .text._Z20VectorElementwiseMulRK6VectorI9floatRealES3_RS1_
                0x01e98e80       0x30 cpu\br23\tools\sdk.elf.o
 .text._ZN19MCRA_NoiseEstimatorI9floatRealE8EstimateERK6VectorIS0_ERS3_R9AllocatorIS0_E
                0x01e98eb0      0x1a6 cpu\br23\tools\sdk.elf.o
 .text._Z9VectorMinRK6ScalarI9floatRealER6VectorIS0_E
                0x01e99056       0x20 cpu\br23\tools\sdk.elf.o
 .text._Z20VectorElementwiseMulRK6VectorI12floatComplexERKS_I9floatRealERS1_
                0x01e99076       0x36 cpu\br23\tools\sdk.elf.o
 .text._ZN34SingleChannelNoiseSuppressorInBarkI9floatReal12floatComplexE8SuppressERK11VectorArrayIS1_ERKS3_IS0_ES9_RS4_R9AllocatorIS0_E
                0x01e990ac      0x27c cpu\br23\tools\sdk.elf.o
 .text._Z20VectorElementwiseMulRK6VectorI9floatRealERKS_I11fixHalfRealERS1_
                0x01e99328       0x4c cpu\br23\tools\sdk.elf.o
 .text._ZN15STFTSynthesizerI9floatReal12floatComplex11fixHalfRealE10SynthesizeERK11VectorArrayIS1_ER6VectorIS2_EP9AllocatorIS0_E
                0x01e99374       0xea cpu\br23\tools\sdk.elf.o
 .text._Z20VectorElementwiseMulRK6VectorI11fixHalfRealERKS_I9floatRealERS1_
                0x01e9945e       0x40 cpu\br23\tools\sdk.elf.o
 .text._ZN13dynamicVectorI7fixRealS0_EC2ER9AllocatorIS0_Eii
                0x01e9949e       0x26 cpu\br23\tools\sdk.elf.o
 .text._Z10VectorCopyRK6VectorI11fixHalfRealERS_I7fixRealE
                0x01e994c4        0x4 cpu\br23\tools\sdk.elf.o
 .text._ZNK6VectorI7fixRealEclEiii
                0x01e994c8       0x3c cpu\br23\tools\sdk.elf.o
 .text._Z22VectorElementwiseShiftRK6VectorI7fixRealERS1_i
                0x01e99504        0x4 cpu\br23\tools\sdk.elf.o
 .text._Z10VectorPlusRK6VectorI7fixRealES3_RS1_
                0x01e99508        0x4 cpu\br23\tools\sdk.elf.o
 .text._Z11VectorMinusRK6VectorI7fixRealES3_RS1_
                0x01e9950c        0x4 cpu\br23\tools\sdk.elf.o
 .text._Z10VectorCopyRK6VectorI7fixRealERS_I11fixHalfRealE
                0x01e99510        0x4 cpu\br23\tools\sdk.elf.o
 .text._ZN15StaticAllocatorI9floatRealE5allocEj
                0x01e99514        0xc cpu\br23\tools\sdk.elf.o
 .text._Z29VectorConjMulRecursiveAverageRK6VectorI12floatComplexES3_RS1_RK6ScalarI9floatRealE
                0x01e99520       0x54 cpu\br23\tools\sdk.elf.o
 .text._Z12VectorGetMagRK6VectorI12floatComplexERS_I9floatRealE
                0x01e99574       0x2c cpu\br23\tools\sdk.elf.o
 .text._Z15VectorMagAndDivRK6VectorI12floatComplexERKS_I9floatRealERK6ScalarIS4_ERS5_
                0x01e995a0       0x40 cpu\br23\tools\sdk.elf.o
 .text._ZNK6VectorI9floatRealEclERK10Vectorzone
                0x01e995e0       0x36 cpu\br23\tools\sdk.elf.o
 .text._Z10VectorMeanRK6VectorI9floatRealER6ScalarIS0_E
                0x01e99616       0x30 cpu\br23\tools\sdk.elf.o
 .text._Z22VectorTernaryOperationRKPFvRK6ScalarI9floatRealES3_RS1_ERK6VectorIS0_ESC_RSA_
                0x01e99646       0x76 cpu\br23\tools\sdk.elf.o
 .text._ZN18NonlinearProcessorI9floatReal12floatComplexE17CalcSuppressCoeffERK6VectorIS0_ERS4_
                0x01e996bc      0x1aa cpu\br23\tools\sdk.elf.o
 .text._ZNK6VectorI12floatComplexEclERK10Vectorzone
                0x01e99866       0x36 cpu\br23\tools\sdk.elf.o
 .text._Z16VectorMeanSquareRK6VectorI12floatComplexER6ScalarI9floatRealE
                0x01e9989c       0x3e cpu\br23\tools\sdk.elf.o
 .text._ZN18NonlinearProcessorI9floatReal12floatComplexE7ProcessERK11VectorArrayIS1_ES6_S6_RS4_P9AllocatorIS0_E
                0x01e998da      0x33e cpu\br23\tools\sdk.elf.o
 .text._Z7expAprxI9floatRealEvRK6ScalarIT_ERS3_
                0x01e99c18       0x40 cpu\br23\tools\sdk.elf.o
 .text._ZN15StaticAllocatorI9floatRealE4freeEPS0_j
                0x01e99c58        0x8 cpu\br23\tools\sdk.elf.o
 .text._Z7powAprxI9floatRealEvRK6ScalarIT_ES5_RS3_
                0x01e99c60       0x3a cpu\br23\tools\sdk.elf.o
 .text._Z8magnAprxI12floatComplex9floatRealEvRK6ScalarIT_ERS2_IT0_E
                0x01e99c9a        0x4 cpu\br23\tools\sdk.elf.o
 .text._ZN15StaticAllocatorI7fixRealE5allocEj
                0x01e99c9e        0xc cpu\br23\tools\sdk.elf.o
 .text._ZN15StaticAllocatorI7fixRealE4freeEPS0_j
                0x01e99caa        0x8 cpu\br23\tools\sdk.elf.o